<!doctype html public "-//w3c//dtd html 4.0 transitional//en">
<html><head>
<title>Static Call Graph - [wb09test\wb09test.axf]</title></head>
<body><HR>
<H1>Static Call Graph for image wb09test\wb09test.axf</H1><HR>
<BR><P>#&#060CALLGRAPH&#062# ARM Linker, 6220000: Last Updated: Sun Nov  3 19:20:53 2024
<BR><P>
<H3>Maximum Stack Usage =       2308 bytes + Unknown(Functions without stacksize, Cycles, Untraceable Function Pointers)</H3><H3>
Call chain for Maximum Stack Depth:</H3>
hci_acl_data_ind_event_int_cb_ucfg &rArr; hci_acl_data_ind_event_int_cb &rArr; L2C_receive_data &rArr; L2C_mux_acl_packet &rArr; smp_sap_l2c_acl_data_hndl &rArr; smp_pp3_keys_distribution_signaling_ack &rArr; smp_pp3_keys_distribution_start &rArr; smp_pp3_keys_distribution_completed &rArr; smp_pp3_pairing_completed_successful &rArr; smp_dep_sdb_add_bonding_record &rArr; sdb_sap_add_security_record &rArr; sdb_remove_security_record_by_address &rArr; nvm_discard_current_record &rArr; BLEPLAT_NvmDiscard &rArr; NVMDB_Erase &rArr; EraseSmallDB &rArr; LoadDBToRAM &rArr; ReadNextRecordNoLock &rArr; NextRecordNoLock
<P>
<H3>
Functions with no stack information
</H3><UL>
 <LI><a href="#[e3]">__user_initial_stackheap</a>
 <LI><a href="#[249]">ACL_list_get_pckt_count</a>
 <LI><a href="#[244]">ACL_list_init</a>
 <LI><a href="#[4f5]">ACL_list_insert_head</a>
 <LI><a href="#[253]">ACL_list_insert_tail</a>
 <LI><a href="#[241]">ACL_list_remove</a>
 <LI><a href="#[24a]">ACL_list_remove_head</a>
 <LI><a href="#[fa]">ACL_pkt_cmp</a>
 <LI><a href="#[fc]">ACL_pkt_connection</a>
 <LI><a href="#[fe]">ACL_pkt_disconnection</a>
 <LI><a href="#[2e8]">ACL_pkt_extract_pdu</a>
 <LI><a href="#[100]">ACL_pkt_get</a>
 <LI><a href="#[102]">ACL_pkt_get_available_mem_buffers</a>
 <LI><a href="#[104]">ACL_pkt_init</a>
 <LI><a href="#[106]">ACL_pkt_read</a>
 <LI><a href="#[51]">ACL_pkt_read_16b</a>
 <LI><a href="#[10c]">ACL_pkt_release</a>
 <LI><a href="#[10e]">ACL_pkt_resize</a>
 <LI><a href="#[2d]">ACL_pkt_write</a>
 <LI><a href="#[111]">ACL_pkt_write_16b</a>
 <LI><a href="#[3d]">ADV_ISR</a>
 <LI><a href="#[125]">ADV_ISR_connect_request_received</a>
 <LI><a href="#[3c]">ADV_cancelslot</a>
 <LI><a href="#[3e]">ADV_createslot</a>
 <LI><a href="#[3f]">ADV_skiproutine</a>
 <LI><a href="#[5f]">AES_CMAC_Encrypt</a>
 <LI><a href="#[385]">Acl_Init</a>
 <LI><a href="#[140]">Acl_Rcv_Pkt_Handler</a>
 <LI><a href="#[143]">Acl_Transmit_Data</a>
 <LI><a href="#[145]">Acl_Tx_Cmpl_Pkt_Handler</a>
 <LI><a href="#[184]">BLEPLAT_aes128_encrypt</a>
 <LI><a href="#[1ad]">BLE_STACK_EndOfRadioActivityCb</a>
 <LI><a href="#[18a]">BLE_STACK_Init</a>
 <LI><a href="#[1a3]">BLE_STACK_RadioHandler</a>
 <LI><a href="#[187]">BLE_STACK_SleepCheck</a>
 <LI><a href="#[186]">BLE_STACK_Tick</a>
 <LI><a href="#[1f2]">CST_init</a>
 <LI><a href="#[1b0]">CST_start</a>
 <LI><a href="#[1b1]">CST_stop</a>
 <LI><a href="#[1ba]">Controller_Process_Q</a>
 <LI><a href="#[2fb]">Data_Len_Update_Offline_Processing_ucfg</a>
 <LI><a href="#[55e]">Data_Len_Update_Offline_Processing_ucfg_weak</a>
 <LI><a href="#[1bd]">EADV_init</a>
 <LI><a href="#[1bf]">EADV_start_request_radio_tasks</a>
 <LI><a href="#[12d]">EADV_vPrepareAdvOrRspLegacyPacket</a>
 <LI><a href="#[63]">Events_Process_Q</a>
 <LI><a href="#[1cd]">Events_Process_init</a>
 <LI><a href="#[3ff]">GAP_DiscProcTimeoutcb_ucfg</a>
 <LI><a href="#[55f]">GAP_DiscProcTimeoutcb_ucfg_weak</a>
 <LI><a href="#[1d1]">GAP_Init</a>
 <LI><a href="#[1da]">GAP_LimDiscTimeoutcb</a>
 <LI><a href="#[1dd]">GAP_PrivateAddrTimercb</a>
 <LI><a href="#[69]">GAP_ResumeAdvertising_ucfg</a>
 <LI><a href="#[560]">GAP_ResumeAdvertising_ucfg_weak</a>
 <LI><a href="#[1f0]">GAP_central_connection_complete_handler_ucfg</a>
 <LI><a href="#[561]">GAP_central_connection_complete_handler_ucfg_weak</a>
 <LI><a href="#[1de]">GAP_check_adv_status</a>
 <LI><a href="#[1e6]">GAP_check_flags</a>
 <LI><a href="#[1f4]">GAP_discover_peer_name_ucfg</a>
 <LI><a href="#[562]">GAP_discover_peer_name_ucfg_weak</a>
 <LI><a href="#[1d3]">GAP_enable_controller_privacy_ucfg</a>
 <LI><a href="#[563]">GAP_enable_controller_privacy_ucfg_weak</a>
 <LI><a href="#[1df]">GAP_enable_disable_scan_ucfg</a>
 <LI><a href="#[564]">GAP_enable_disable_scan_ucfg_weak</a>
 <LI><a href="#[1e1]">GAP_generate_new_rpa</a>
 <LI><a href="#[1e9]">GAP_get_current_address</a>
 <LI><a href="#[1d7]">GAP_get_default_le_event_mask</a>
 <LI><a href="#[3eb]">GAP_get_identity_address_type</a>
 <LI><a href="#[1eb]">GAP_get_own_address_type</a>
 <LI><a href="#[1ed]">GAP_get_public_address</a>
 <LI><a href="#[1ea]">GAP_get_rpa</a>
 <LI><a href="#[1ec]">GAP_get_static_random_address</a>
 <LI><a href="#[408]">GAP_hci_disconnection_complete_evt_hndl</a>
 <LI><a href="#[1ee]">GAP_hci_le_connection_complete_evt_hndl</a>
 <LI><a href="#[1d4]">GAP_init_advertising_sets_ucfg</a>
 <LI><a href="#[565]">GAP_init_advertising_sets_ucfg_weak</a>
 <LI><a href="#[1f1]">GAP_init_context</a>
 <LI><a href="#[1f3]">GAP_name_disc_proc_connected_check</a>
 <LI><a href="#[1ef]">GAP_peripheral_connection_complete_handler_ucfg</a>
 <LI><a href="#[566]">GAP_peripheral_connection_complete_handler_ucfg_weak</a>
 <LI><a href="#[1d6]">GAP_reset_privacy_timer</a>
 <LI><a href="#[1e7]">GAP_search_flags_index</a>
 <LI><a href="#[1db]">GAP_set_advertising_enable_ucfg</a>
 <LI><a href="#[567]">GAP_set_advertising_enable_ucfg_weak</a>
 <LI><a href="#[1d5]">GAP_set_controller_random_address_ucfg</a>
 <LI><a href="#[568]">GAP_set_controller_random_address_ucfg_weak</a>
 <LI><a href="#[1f7]">GAP_set_legacy_advertising_enable</a>
 <LI><a href="#[1e2]">GAP_start_privacy_timer</a>
 <LI><a href="#[1e3]">GAP_stop_privacy_timer</a>
 <LI><a href="#[1e0]">GAP_suspend_resume_active_advertising_sets_ucfg</a>
 <LI><a href="#[569]">GAP_suspend_resume_active_advertising_sets_ucfg_weak</a>
 <LI><a href="#[1fb]">GAT_att_clt_bearer_close</a>
 <LI><a href="#[1fd]">GAT_att_clt_connection</a>
 <LI><a href="#[1ff]">GAT_att_clt_init</a>
 <LI><a href="#[201]">GAT_att_clt_rcv</a>
 <LI><a href="#[20b]">GAT_att_cmn_connection</a>
 <LI><a href="#[20d]">GAT_att_cmn_disconnection</a>
 <LI><a href="#[2c]">GAT_att_cmn_dscr_flag_check_is_not_set_f</a>
 <LI><a href="#[31]">GAT_att_cmn_dscr_flag_clear_f</a>
 <LI><a href="#[2e]">GAT_att_cmn_dscr_flag_set_f</a>
 <LI><a href="#[21e]">GAT_att_cmn_for_each_ch_descr</a>
 <LI><a href="#[203]">GAT_att_cmn_get_channel_descr_p</a>
 <LI><a href="#[267]">GAT_att_cmn_get_conn_index</a>
 <LI><a href="#[212]">GAT_att_cmn_get_pckt</a>
 <LI><a href="#[214]">GAT_att_cmn_init</a>
 <LI><a href="#[217]">GAT_att_cmn_rcv</a>
 <LI><a href="#[219]">GAT_att_cmn_send</a>
 <LI><a href="#[206]">GAT_att_cmn_start_timer</a>
 <LI><a href="#[205]">GAT_att_cmn_stop_timer</a>
 <LI><a href="#[2a]">GAT_att_cmn_timeout_cb</a>
 <LI><a href="#[29]">GAT_att_cmn_timeout_cb_wrapper</a>
 <LI><a href="#[21d]">GAT_att_cmn_timer_expire_tsk</a>
 <LI><a href="#[21f]">GAT_att_cmn_tx_pool_evt_tsk</a>
 <LI><a href="#[225]">GAT_att_db_find_by_def</a>
 <LI><a href="#[226]">GAT_att_db_find_by_handle</a>
 <LI><a href="#[227]">GAT_att_db_find_from_handle</a>
 <LI><a href="#[263]">GAT_att_db_find_last_attr_of_type</a>
 <LI><a href="#[22a]">GAT_att_db_get_last_group_handle</a>
 <LI><a href="#[230]">GAT_att_db_get_last_handle</a>
 <LI><a href="#[22b]">GAT_att_db_get_next</a>
 <LI><a href="#[22c]">GAT_att_db_init</a>
 <LI><a href="#[22d]">GAT_att_db_insert</a>
 <LI><a href="#[22e]">GAT_att_db_reverse_find_attr_of_type</a>
 <LI><a href="#[22f]">GAT_att_db_rm_att_range</a>
 <LI><a href="#[20f]">GAT_att_srv_bearer_close</a>
 <LI><a href="#[235]">GAT_att_srv_confirmation_pending</a>
 <LI><a href="#[20c]">GAT_att_srv_connection</a>
 <LI><a href="#[23a]">GAT_att_srv_extract_write_packet_data</a>
 <LI><a href="#[242]">GAT_att_srv_flush_user_pending_list</a>
 <LI><a href="#[243]">GAT_att_srv_hvtx</a>
 <LI><a href="#[215]">GAT_att_srv_init</a>
 <LI><a href="#[248]">GAT_att_srv_process_rx_pckt_tsk</a>
 <LI><a href="#[218]">GAT_att_srv_rcv</a>
 <LI><a href="#[252]">GAT_att_srv_request_user_pending</a>
 <LI><a href="#[1fc]">GAT_clt_bearer_close</a>
 <LI><a href="#[1fe]">GAT_clt_connection</a>
 <LI><a href="#[200]">GAT_clt_init</a>
 <LI><a href="#[6f]">GAT_clt_proc_exec_tsk</a>
 <LI><a href="#[20a]">GAT_clt_rcv_corrupted</a>
 <LI><a href="#[207]">GAT_clt_rcv_srv_initiated</a>
 <LI><a href="#[25d]">GAT_srv_add_char_descriptor</a>
 <LI><a href="#[260]">GAT_srv_add_characteristic</a>
 <LI><a href="#[262]">GAT_srv_add_service</a>
 <LI><a href="#[255]">GAT_srv_attr_value_read</a>
 <LI><a href="#[257]">GAT_srv_attr_value_write</a>
 <LI><a href="#[231]">GAT_srv_bearer_close</a>
 <LI><a href="#[24e]">GAT_srv_check_change_aware</a>
 <LI><a href="#[26f]">GAT_srv_check_client_support_feature</a>
 <LI><a href="#[250]">GAT_srv_check_perms</a>
 <LI><a href="#[236]">GAT_srv_connection</a>
 <LI><a href="#[274]">GAT_srv_db_hash_tsk</a>
 <LI><a href="#[23c]">GAT_srv_find_by_type_attr_p</a>
 <LI><a href="#[23e]">GAT_srv_get_att_group_end_handle</a>
 <LI><a href="#[23f]">GAT_srv_get_attr_type</a>
 <LI><a href="#[24f]">GAT_srv_get_attr_value</a>
 <LI><a href="#[277]">GAT_srv_get_attribute_handle</a>
 <LI><a href="#[273]">GAT_srv_get_cccd_attr_p</a>
 <LI><a href="#[26c]">GAT_srv_get_cccd_val</a>
 <LI><a href="#[278]">GAT_srv_get_char_decl_handle</a>
 <LI><a href="#[279]">GAT_srv_get_service_handle</a>
 <LI><a href="#[245]">GAT_srv_init</a>
 <LI><a href="#[24d]">GAT_srv_is_supported_grouping_type</a>
 <LI><a href="#[261]">GAT_srv_rm_characteristic</a>
 <LI><a href="#[264]">GAT_srv_rm_service</a>
 <LI><a href="#[27c]">GAT_srv_send_srv_change_tsk</a>
 <LI><a href="#[234]">GAT_srv_set_change_aware</a>
 <LI><a href="#[4bf]">GapIsPrivacySupported</a>
 <LI><a href="#[38]">HAL_Generate_Random_Bytes_To</a>
 <LI><a href="#[2b2]">HAL_Set_TX_Power_Level</a>
 <LI><a href="#[2be]">HAL_Write_ConfigData</a>
 <LI><a href="#[39b]">HCI_Init</a>
 <LI><a href="#[283]">Hal_Get_Random_Number</a>
 <LI><a href="#[48]">Hal_Get_Random_Number32</a>
 <LI><a href="#[1d2]">IDD_Initialize_Device_IDs</a>
 <LI><a href="#[4fa]">Is_Address_Initialized</a>
 <LI><a href="#[2d4]">L2C_acl_cframe_signaling_hndl</a>
 <LI><a href="#[2dc]">L2C_build_command_reject_pdu</a>
 <LI><a href="#[2e1]">L2C_cos_cfc_init_ucfg</a>
 <LI><a href="#[56a]">L2C_cos_cfc_init_ucfg_weak</a>
 <LI><a href="#[2de]">L2C_cos_channel_descriptors_reset_pending</a>
 <LI><a href="#[2d6]">L2C_cos_is_pdu_cframe_cfc_command_opcode_ucfg</a>
 <LI><a href="#[56b]">L2C_cos_is_pdu_cframe_cfc_command_opcode_ucfg_weak</a>
 <LI><a href="#[423]">L2C_cos_physical_link_disconnection_hndl_ucfg</a>
 <LI><a href="#[56c]">L2C_cos_physical_link_disconnection_hndl_ucfg_weak</a>
 <LI><a href="#[2d7]">L2C_cos_process_cfc_mode_command_ucfg</a>
 <LI><a href="#[56d]">L2C_cos_process_cfc_mode_command_ucfg_weak</a>
 <LI><a href="#[202]">L2C_get_cid_from_basic_packet_header</a>
 <LI><a href="#[2e0]">L2C_init</a>
 <LI><a href="#[2e3]">L2C_mux_acl_packet</a>
 <LI><a href="#[2e7]">L2C_receive_data</a>
 <LI><a href="#[21a]">L2C_send_frame</a>
 <LI><a href="#[2eb]">L2C_timeout_handler_signalling</a>
 <LI><a href="#[2ec]">LLC_authenticated_payload_timeout_cb</a>
 <LI><a href="#[2f0]">LLC_authenticated_payload_timeout_processing</a>
 <LI><a href="#[2f1]">LLC_authenticated_payload_timeout_reset</a>
 <LI><a href="#[2f5]">LLC_channel_map_copy_to_cpf_context_ucfg</a>
 <LI><a href="#[56e]">LLC_channel_map_copy_to_cpf_context_ucfg_weak</a>
 <LI><a href="#[2fc]">LLC_channel_map_update_offline_processing_ucfg</a>
 <LI><a href="#[56f]">LLC_channel_map_update_offline_processing_ucfg_weak</a>
 <LI><a href="#[386]">LLC_chc_ll_cntxt_init_ucfg</a>
 <LI><a href="#[570]">LLC_chc_ll_cntxt_init_ucfg_weak</a>
 <LI><a href="#[2fd]">LLC_chc_reporting_offline_processing_ucfg</a>
 <LI><a href="#[571]">LLC_chc_reporting_offline_processing_ucfg_weak</a>
 <LI><a href="#[447]">LLC_conn_init_chc_ctxt_ucfg</a>
 <LI><a href="#[572]">LLC_conn_init_chc_ctxt_ucfg_weak</a>
 <LI><a href="#[2fe]">LLC_cte_request_procedure_ucfg</a>
 <LI><a href="#[573]">LLC_cte_request_procedure_ucfg_weak</a>
 <LI><a href="#[2f6]">LLC_init_le_ping_params</a>
 <LI><a href="#[44]">LLC_le_ping</a>
 <LI><a href="#[2f8]">LLC_offline_control_procedures_processing</a>
 <LI><a href="#[39d]">LLC_pcl_hal_cntxt_init_ucfg</a>
 <LI><a href="#[574]">LLC_pcl_hal_cntxt_init_ucfg_weak</a>
 <LI><a href="#[467]">LLC_pcl_incr_rx_packets_ucfg</a>
 <LI><a href="#[575]">LLC_pcl_incr_rx_packets_ucfg_weak</a>
 <LI><a href="#[2ff]">LLC_pcl_offline_processing_ucfg</a>
 <LI><a href="#[576]">LLC_pcl_offline_processing_ucfg_weak</a>
 <LI><a href="#[2b3]">LLC_pcl_set_radio_tx_power_and_eval_indication_ucfg</a>
 <LI><a href="#[577]">LLC_pcl_set_radio_tx_power_and_eval_indication_ucfg_weak</a>
 <LI><a href="#[300]">LLC_pcl_set_radio_tx_power_conn_start_ucfg</a>
 <LI><a href="#[578]">LLC_pcl_set_radio_tx_power_conn_start_ucfg_weak</a>
 <LI><a href="#[46c]">LLC_pcl_update_avg_rssi_ucfg</a>
 <LI><a href="#[579]">LLC_pcl_update_avg_rssi_ucfg_weak</a>
 <LI><a href="#[302]">LLC_update_le_ping_params</a>
 <LI><a href="#[304]">LL_Get_LTK</a>
 <LI><a href="#[307]">LL_Get_Supported_Features</a>
 <LI><a href="#[30a]">LL_LE_Set_Advertise_Enable</a>
 <LI><a href="#[30e]">LL_LE_Set_Advertising_Parameters</a>
 <LI><a href="#[2f9]">LL_Read_Remote_Used_Features</a>
 <LI><a href="#[311]">LL_Set_Advertising_Set_Random_Address</a>
 <LI><a href="#[30c]">LL_Set_Extented_Advertising_Enable</a>
 <LI><a href="#[30d]">LL_Set_Extented_Advertising_Set_Random_Address</a>
 <LI><a href="#[45]">LL_channel_map_update</a>
 <LI><a href="#[31c]">LL_channel_map_update_param_check</a>
 <LI><a href="#[324]">LL_conn_get_version_exchange_cached</a>
 <LI><a href="#[35c]">LL_conn_upd_data_length_change_event_ucfg</a>
 <LI><a href="#[57a]">LL_conn_upd_data_length_change_event_ucfg_weak</a>
 <LI><a href="#[35a]">LL_conn_upd_max_tx_time_coded_ucfg</a>
 <LI><a href="#[57b]">LL_conn_upd_max_tx_time_coded_ucfg_weak</a>
 <LI><a href="#[325]">LL_conn_version_exchange_set_cached</a>
 <LI><a href="#[2f7]">LL_cpe_clr_active</a>
 <LI><a href="#[328]">LL_cpe_conn_exception_opcode_from_sm</a>
 <LI><a href="#[310]">LL_cpe_conn_get_proc_id_from_sm</a>
 <LI><a href="#[1bb]">LL_cpe_engine</a>
 <LI><a href="#[2f2]">LL_cpe_get_active_status</a>
 <LI><a href="#[306]">LL_cpe_get_cntxt</a>
 <LI><a href="#[348]">LL_cpe_init</a>
 <LI><a href="#[350]">LL_cpe_init_chc_enable_ucfg</a>
 <LI><a href="#[57c]">LL_cpe_init_chc_enable_ucfg_weak</a>
 <LI><a href="#[351]">LL_cpe_init_chc_reporting_ucfg</a>
 <LI><a href="#[57d]">LL_cpe_init_chc_reporting_ucfg_weak</a>
 <LI><a href="#[355]">LL_cpe_init_chmap_update</a>
 <LI><a href="#[352]">LL_cpe_init_cis_ucfg</a>
 <LI><a href="#[57e]">LL_cpe_init_cis_ucfg_weak</a>
 <LI><a href="#[356]">LL_cpe_init_conn_update</a>
 <LI><a href="#[34e]">LL_cpe_init_cte_ucfg</a>
 <LI><a href="#[57f]">LL_cpe_init_cte_ucfg_weak</a>
 <LI><a href="#[34b]">LL_cpe_init_length_update_ucfg</a>
 <LI><a href="#[580]">LL_cpe_init_length_update_ucfg_weak</a>
 <LI><a href="#[34d]">LL_cpe_init_past_ucfg</a>
 <LI><a href="#[581]">LL_cpe_init_past_ucfg_weak</a>
 <LI><a href="#[34f]">LL_cpe_init_pcl_ucfg</a>
 <LI><a href="#[582]">LL_cpe_init_pcl_ucfg_weak</a>
 <LI><a href="#[34c]">LL_cpe_init_phy_update_ucfg</a>
 <LI><a href="#[583]">LL_cpe_init_phy_update_ucfg_weak</a>
 <LI><a href="#[354]">LL_cpe_init_sca_upd_ucfg</a>
 <LI><a href="#[584]">LL_cpe_init_sca_upd_ucfg_weak</a>
 <LI><a href="#[353]">LL_cpe_init_subrate_ucfg</a>
 <LI><a href="#[585]">LL_cpe_init_subrate_ucfg_weak</a>
 <LI><a href="#[41]">LL_cpe_register_cpf</a>
 <LI><a href="#[2f4]">LL_cpe_set_active</a>
 <LI><a href="#[31e]">LL_cpe_set_blocked</a>
 <LI><a href="#[2f3]">LL_cpe_set_prepare_tx_pdu</a>
 <LI><a href="#[31f]">LL_cpe_set_rx_with_instant</a>
 <LI><a href="#[321]">LL_cpe_set_tx_with_instant</a>
 <LI><a href="#[77]">LL_cpf_cis_processing_ucfg</a>
 <LI><a href="#[586]">LL_cpf_cis_processing_ucfg_weak</a>
 <LI><a href="#[46]">LL_cpf_conn_upd</a>
 <LI><a href="#[35d]">LL_dtm_init</a>
 <LI><a href="#[315]">LL_eadv_BLUE_SM</a>
 <LI><a href="#[31a]">LL_eadv_Blue_Rx</a>
 <LI><a href="#[319]">LL_eadv_Blue_Tx</a>
 <LI><a href="#[317]">LL_eadv_start_extended_ucfg</a>
 <LI><a href="#[587]">LL_eadv_start_extended_ucfg_weak</a>
 <LI><a href="#[127]">LL_eadv_switchbackupdata_data_struc</a>
 <LI><a href="#[40]">LL_encryption</a>
 <LI><a href="#[42]">LL_feature_exchange</a>
 <LI><a href="#[2c3]">LL_force_chsel_1</a>
 <LI><a href="#[476]">LL_get_control_pdu_size</a>
 <LI><a href="#[113]">LL_get_rx_common_buffer_p</a>
 <LI><a href="#[12c]">LL_get_tx_common_buffer_p</a>
 <LI><a href="#[381]">LL_init</a>
 <LI><a href="#[382]">LL_init_ucfg_weak</a>
 <LI><a href="#[44c]">LL_link_calc_packetlength</a>
 <LI><a href="#[44f]">LL_link_calculate_window_widening_from_ppm</a>
 <LI><a href="#[44d]">LL_link_get_own_sca_ppm</a>
 <LI><a href="#[449]">LL_past_default_params_ucfg</a>
 <LI><a href="#[588]">LL_past_default_params_ucfg_weak</a>
 <LI><a href="#[337]">LL_past_initialize_connect_context_ucfg</a>
 <LI><a href="#[589]">LL_past_initialize_connect_context_ucfg_weak</a>
 <LI><a href="#[433]">LL_phy_upd_evt_pending_check_isr_ucfg</a>
 <LI><a href="#[58a]">LL_phy_upd_evt_pending_check_isr_ucfg_weak</a>
 <LI><a href="#[42d]">LL_phy_upd_pending_ucfg</a>
 <LI><a href="#[58b]">LL_phy_upd_pending_ucfg_weak</a>
 <LI><a href="#[444]">LL_phy_update_init_per_st_data_ucfg</a>
 <LI><a href="#[58c]">LL_phy_update_init_per_st_data_ucfg_weak</a>
 <LI><a href="#[45a]">LL_phy_update_init_ucfg</a>
 <LI><a href="#[58d]">LL_phy_update_init_ucfg_weak</a>
 <LI><a href="#[481]">LL_sched_anchorstretch</a>
 <LI><a href="#[1c7]">LL_sched_check_and_call_sched</a>
 <LI><a href="#[43b]">LL_sched_delete_taskslot</a>
 <LI><a href="#[5d]">LL_sched_enable_taskslot</a>
 <LI><a href="#[124]">LL_sched_engine</a>
 <LI><a href="#[12f]">LL_sched_engine_return_actual_scheduler_margin</a>
 <LI><a href="#[398]">LL_sched_init</a>
 <LI><a href="#[31b]">LL_sched_is_scheduler_call_pending</a>
 <LI><a href="#[1c3]">LL_sched_release_taskslot</a>
 <LI><a href="#[1c1]">LL_sched_reserve_taskslot</a>
 <LI><a href="#[135]">LL_sched_set_anchor</a>
 <LI><a href="#[1c6]">LL_sched_set_cancel_request</a>
 <LI><a href="#[5c]">LL_sched_set_params</a>
 <LI><a href="#[42a]">LL_sched_set_per_state</a>
 <LI><a href="#[116]">LL_sched_set_priority</a>
 <LI><a href="#[47f]">LL_sched_set_taskslot_length_anchor</a>
 <LI><a href="#[130]">LL_sched_time_t1_ge_t2</a>
 <LI><a href="#[43]">LL_version_exchange</a>
 <LI><a href="#[101]">MBM_get</a>
 <LI><a href="#[103]">MBM_get_available_mem_buffers</a>
 <LI><a href="#[3a9]">MBM_init</a>
 <LI><a href="#[10d]">MBM_release</a>
 <LI><a href="#[fd]">MBM_reserve</a>
 <LI><a href="#[10f]">MBM_resize</a>
 <LI><a href="#[ff]">MBM_unreserve</a>
 <LI><a href="#[2e9]">Mem_Buff_append</a>
 <LI><a href="#[43d]">Mem_Buff_block_copy</a>
 <LI><a href="#[475]">Mem_Buff_block_write</a>
 <LI><a href="#[fb]">Mem_Buff_cmp</a>
 <LI><a href="#[3a8]">Mem_Buff_get</a>
 <LI><a href="#[109]">Mem_Buff_get_buff_off</a>
 <LI><a href="#[3ac]">Mem_Buff_get_chain_count</a>
 <LI><a href="#[3b0]">Mem_Buff_get_chain_size</a>
 <LI><a href="#[3aa]">Mem_Buff_init</a>
 <LI><a href="#[107]">Mem_Buff_read</a>
 <LI><a href="#[3ae]">Mem_Buff_release</a>
 <LI><a href="#[3b1]">Mem_Buff_resize</a>
 <LI><a href="#[110]">Mem_Buff_write</a>
 <LI><a href="#[272]">SDB_sap_read_peer_bonded_gatt_client_data</a>
 <LI><a href="#[26e]">SDB_sap_write_peer_bonded_gatt_client_data</a>
 <LI><a href="#[275]">UUID_cmp</a>
 <LI><a href="#[27b]">UUID_cmp_128bits</a>
 <LI><a href="#[240]">UUID_get_value_p</a>
 <LI><a href="#[276]">UUID_write_to_flat</a>
 <LI><a href="#[1a2]">_BlueNRG_Stack_Initialization</a>
 <LI><a href="#[237]">aci_att_exchange_mtu_resp_event_push_noinline</a>
 <LI><a href="#[239]">aci_att_srv_exec_write_req_event_push_noinline</a>
 <LI><a href="#[4c]">aci_att_srv_prepare_write_req_event_cb</a>
 <LI><a href="#[3de]">aci_att_srv_prepare_write_req_event_copy</a>
 <LI><a href="#[247]">aci_att_srv_prepare_write_req_event_push_noinline</a>
 <LI><a href="#[142]">aci_event_fifo_push</a>
 <LI><a href="#[141]">aci_event_fifo_push_header</a>
 <LI><a href="#[18f]">aci_gap_init</a>
 <LI><a href="#[3e0]">aci_gap_numeric_comparison_value_confirm_yesno_api</a>
 <LI><a href="#[3e3]">aci_gap_pairing_complete_event_push_noinline</a>
 <LI><a href="#[3e4]">aci_gap_passkey_resp_api</a>
 <LI><a href="#[3e6]">aci_gap_proc_complete_event_copy</a>
 <LI><a href="#[1f5]">aci_gap_proc_complete_event_wrapper</a>
 <LI><a href="#[3e8]">aci_gap_set_io_capability_api</a>
 <LI><a href="#[3ea]">aci_gap_set_security_requirements_api</a>
 <LI><a href="#[4d]">aci_gatt_clt_indication_event_cb</a>
 <LI><a href="#[3ed]">aci_gatt_clt_indication_event_copy</a>
 <LI><a href="#[25c]">aci_gatt_clt_indication_event_push_noinline</a>
 <LI><a href="#[4e]">aci_gatt_clt_multi_notification_int_event_cb</a>
 <LI><a href="#[3ee]">aci_gatt_clt_multi_notification_int_event_copy</a>
 <LI><a href="#[25b]">aci_gatt_clt_multi_notification_int_event_push_noinline</a>
 <LI><a href="#[4f]">aci_gatt_clt_notification_event_cb</a>
 <LI><a href="#[3f0]">aci_gatt_clt_notification_event_copy</a>
 <LI><a href="#[3ef]">aci_gatt_clt_notification_event_notify</a>
 <LI><a href="#[25a]">aci_gatt_clt_notification_event_push_noinline</a>
 <LI><a href="#[213]">aci_gatt_proc_timeout_event_push_noinline</a>
 <LI><a href="#[3f1]">aci_gatt_srv_add_char_api</a>
 <LI><a href="#[3f2]">aci_gatt_srv_add_service_api</a>
 <LI><a href="#[266]">aci_gatt_srv_attribute_modified_event_push_noinline</a>
 <LI><a href="#[233]">aci_gatt_srv_confirmation_event_push_noinline</a>
 <LI><a href="#[3f3]">aci_gatt_srv_get_char_decl_handle_api</a>
 <LI><a href="#[3f4]">aci_gatt_srv_get_service_handle_api</a>
 <LI><a href="#[251]">aci_gatt_srv_read_event_push_noinline</a>
 <LI><a href="#[50]">aci_gatt_srv_write_event_cb</a>
 <LI><a href="#[3f5]">aci_gatt_srv_write_event_copy</a>
 <LI><a href="#[258]">aci_gatt_srv_write_event_push_noinline</a>
 <LI><a href="#[221]">aci_gatt_tx_pool_available_event_push_noinline</a>
 <LI><a href="#[375]">aci_hal_adv_scan_resp_data_update_event_push_noinline</a>
 <LI><a href="#[208]">aci_hal_fw_error_event_push_noinline</a>
 <LI><a href="#[18d]">aci_hal_set_tx_power_level</a>
 <LI><a href="#[18c]">aci_hal_write_config_data</a>
 <LI><a href="#[2d9]">aci_l2cap_command_reject_event_copy</a>
 <LI><a href="#[2db]">aci_l2cap_connection_update_req_event_copy</a>
 <LI><a href="#[3a]">aci_l2cap_proc_timeout_event_cb</a>
 <LI><a href="#[3f6]">aci_l2cap_proc_timeout_event_copy</a>
 <LI><a href="#[3f7]">addr8_list_add</a>
 <LI><a href="#[39e]">addr8_list_clear</a>
 <LI><a href="#[3f9]">addr8_list_remove_by_addr</a>
 <LI><a href="#[3f8]">addr8_list_search</a>
 <LI><a href="#[309]">bis_csr_ucfg</a>
 <LI><a href="#[58e]">bis_csr_ucfg_weak</a>
 <LI><a href="#[39c]">ble_HAL_Init</a>
 <LI><a href="#[47]">char_copy</a>
 <LI><a href="#[1a1]">chc_csr_ucfg</a>
 <LI><a href="#[58f]">chc_csr_ucfg_weak</a>
 <LI><a href="#[308]">cis_csr_ucfg</a>
 <LI><a href="#[590]">cis_csr_ucfg_weak</a>
 <LI><a href="#[2c4]">configBitmapSet</a>
 <LI><a href="#[3fa]">conn_supp_csr</a>
 <LI><a href="#[60]">copy_swap_buffer</a>
 <LI><a href="#[3da]">csmem_init</a>
 <LI><a href="#[27]">csmem_mem_0_assign</a>
 <LI><a href="#[4a]">csmem_mem_assign</a>
 <LI><a href="#[21c]">cst_sharedCallback</a>
 <LI><a href="#[19f]">cte_csr_ucfg</a>
 <LI><a href="#[591]">cte_csr_ucfg_weak</a>
 <LI><a href="#[198]">data_length_extension_csr_ucfg</a>
 <LI><a href="#[592]">data_length_extension_csr_ucfg_weak</a>
 <LI><a href="#[199]">ext_adv_scan_enabled_ucfg</a>
 <LI><a href="#[593]">ext_adv_scan_enabled_ucfg_weak</a>
 <LI><a href="#[1e5]">gap_extended_adv_scan_supported</a>
 <LI><a href="#[53]">gap_timers_callback</a>
 <LI><a href="#[28]">gap_timers_callback_wrapper</a>
 <LI><a href="#[46b]">get_rf_rx_path_compensation_db</a>
 <LI><a href="#[1cc]">hal_radio_activity_state_cb_check</a>
 <LI><a href="#[1ce]">hal_radio_activity_state_init</a>
 <LI><a href="#[400]">hal_read_radio_activity_state</a>
 <LI><a href="#[3fd]">hci_aci_event_notify_cb</a>
 <LI><a href="#[401]">hci_acl_data_ind_event_int_cb</a>
 <LI><a href="#[403]">hci_acl_data_tx_cmpl_event_int_cb</a>
 <LI><a href="#[132]">hci_check_legacy_ext_flag</a>
 <LI><a href="#[405]">hci_disconnection_complete_event_int_cb</a>
 <LI><a href="#[409]">hci_encryption_change_event_int_cb</a>
 <LI><a href="#[40b]">hci_encryption_key_refresh_complete_event_int_cb</a>
 <LI><a href="#[3fb]">hci_event_notify_cb</a>
 <LI><a href="#[41d]">hci_get_set_legacy_ext_flag</a>
 <LI><a href="#[8c]">hci_le_advertising_report_event_int_cb_ucfg</a>
 <LI><a href="#[594]">hci_le_advertising_report_event_int_cb_ucfg_weak</a>
 <LI><a href="#[94]">hci_le_advertising_set_terminated_event_int_cb_ucfg</a>
 <LI><a href="#[595]">hci_le_advertising_set_terminated_event_int_cb_ucfg_weak</a>
 <LI><a href="#[40c]">hci_le_connection_complete_event_int_cb</a>
 <LI><a href="#[91]">hci_le_directed_advertising_report_event_int_cb_ucfg</a>
 <LI><a href="#[596]">hci_le_directed_advertising_report_event_int_cb_ucfg_weak</a>
 <LI><a href="#[40f]">hci_le_encrypt</a>
 <LI><a href="#[410]">hci_le_enhanced_connection_complete_event_int_cb</a>
 <LI><a href="#[95]">hci_le_enhanced_connection_complete_v2_event_int_cb_ucfg</a>
 <LI><a href="#[597]">hci_le_enhanced_connection_complete_v2_event_int_cb_ucfg_weak</a>
 <LI><a href="#[92]">hci_le_extended_advertising_report_event_int_cb_ucfg</a>
 <LI><a href="#[598]">hci_le_extended_advertising_report_event_int_cb_ucfg_weak</a>
 <LI><a href="#[412]">hci_le_generate_dhkey_api</a>
 <LI><a href="#[54]">hci_le_generate_dhkey_cb</a>
 <LI><a href="#[413]">hci_le_generate_dhkey_complete_event_int_cb</a>
 <LI><a href="#[415]">hci_le_long_term_key_request_event_int_cb</a>
 <LI><a href="#[417]">hci_le_long_term_key_request_negative_reply_api</a>
 <LI><a href="#[419]">hci_le_long_term_key_request_reply_api</a>
 <LI><a href="#[41a]">hci_le_read_local_p256_public_key_api</a>
 <LI><a href="#[55]">hci_le_read_local_p256_public_key_cb</a>
 <LI><a href="#[41b]">hci_le_read_local_p256_public_key_complete_event_int_cb</a>
 <LI><a href="#[380]">hci_le_read_remote_features_complete_event_push_noinline</a>
 <LI><a href="#[93]">hci_le_scan_timeout_event_int_cb_ucfg</a>
 <LI><a href="#[599]">hci_le_scan_timeout_event_int_cb_ucfg_weak</a>
 <LI><a href="#[1fa]">hci_le_set_advertising_enable</a>
 <LI><a href="#[1d8]">hci_le_set_event_mask</a>
 <LI><a href="#[1f8]">hci_le_set_random_address</a>
 <LI><a href="#[56]">hci_number_of_completed_packets_event_cb</a>
 <LI><a href="#[41e]">hci_number_of_completed_packets_event_copy</a>
 <LI><a href="#[41f]">hci_number_of_completed_packets_event_push_noinline</a>
 <LI><a href="#[420]">hci_read_remote_version_information_complete_event_copy</a>
 <LI><a href="#[402]">hci_rx_acl_data</a>
 <LI><a href="#[421]">hci_rx_acl_data_event_copy</a>
 <LI><a href="#[3fc]">hci_rx_data_notify_cb</a>
 <LI><a href="#[1d9]">hci_set_event_mask</a>
 <LI><a href="#[404]">hci_tx_acl_data_done</a>
 <LI><a href="#[422]">hci_vs_force_local_p256_debug_key_api</a>
 <LI><a href="#[2d3]">is_Buffer_All_Set_To</a>
 <LI><a href="#[85]">iso_rx_bn_pdu_event_int_cb_ucfg</a>
 <LI><a href="#[59a]">iso_rx_bn_pdu_event_int_cb_ucfg_weak</a>
 <LI><a href="#[87]">iso_terminate_event_int_cb_ucfg</a>
 <LI><a href="#[59b]">iso_terminate_event_int_cb_ucfg_weak</a>
 <LI><a href="#[86]">iso_tx_bn_pdu_event_int_cb_ucfg</a>
 <LI><a href="#[59c]">iso_tx_bn_pdu_event_int_cb_ucfg_weak</a>
 <LI><a href="#[46e]">isr_Acl_Data_Indication_Queue_Full</a>
 <LI><a href="#[471]">isr_Acl_Data_TX_Cmpl_Queue_Full</a>
 <LI><a href="#[2df]">l2c_cos_channel_descriptor_reset</a>
 <LI><a href="#[19e]">l2c_cos_csr_ucfg</a>
 <LI><a href="#[59d]">l2c_cos_csr_ucfg_weak</a>
 <LI><a href="#[2e4]">l2c_cos_hndl_incoming_le_frame_ucfg</a>
 <LI><a href="#[59e]">l2c_cos_hndl_incoming_le_frame_ucfg_weak</a>
 <LI><a href="#[64]">l2c_cos_process_pending_actions_tsk_ucfg</a>
 <LI><a href="#[59f]">l2c_cos_process_pending_actions_tsk_ucfg_weak</a>
 <LI><a href="#[2ea]">l2c_cos_sdu_enqueue_for_segmentation_ucfg</a>
 <LI><a href="#[5a0]">l2c_cos_sdu_enqueue_for_segmentation_ucfg_weak</a>
 <LI><a href="#[65]">l2c_cos_sdu_reassembly_tsk_ucfg</a>
 <LI><a href="#[5a1]">l2c_cos_sdu_reassembly_tsk_ucfg_weak</a>
 <LI><a href="#[67]">l2c_cos_sdu_segmentation_tsk_ucfg</a>
 <LI><a href="#[5a2]">l2c_cos_sdu_segmentation_tsk_ucfg_weak</a>
 <LI><a href="#[66]">l2c_cos_transmit_pdu_packets_tsk_ucfg</a>
 <LI><a href="#[5a3]">l2c_cos_transmit_pdu_packets_tsk_ucfg_weak</a>
 <LI><a href="#[2d5]">l2c_get_link_control_block_index</a>
 <LI><a href="#[2dd]">l2c_get_link_control_block_ref</a>
 <LI><a href="#[2da]">l2c_post_process_incoming_request_packet</a>
 <LI><a href="#[2d8]">l2c_pre_process_incoming_response_packet</a>
 <LI><a href="#[2e5]">l2c_release_unexpected_acl_packet</a>
 <LI><a href="#[407]">l2c_sap_hci_disconnection_complete_evt_hndl</a>
 <LI><a href="#[40e]">l2c_sap_hci_le_connection_complete_evt_hndl</a>
 <LI><a href="#[57]">l2cap_timers_callback</a>
 <LI><a href="#[39]">l2cap_timers_callback_wrapper</a>
 <LI><a href="#[465]">ll_cpe_get_cpid_from_opcode</a>
 <LI><a href="#[322]">ll_cpe_set_unknown_rsp_pending</a>
 <LI><a href="#[2c1]">ll_write_supported_data_ucfg</a>
 <LI><a href="#[5a4]">ll_write_supported_data_ucfg_weak</a>
 <LI><a href="#[391]">llc_big_brc_mem_alloc_ucfg</a>
 <LI><a href="#[5a5]">llc_big_brc_mem_alloc_ucfg_weak</a>
 <LI><a href="#[392]">llc_big_sync_mem_alloc_ucfg</a>
 <LI><a href="#[5a6]">llc_big_sync_mem_alloc_ucfg_weak</a>
 <LI><a href="#[428]">llc_check_sreq_or_creq_tx_addr_res_off</a>
 <LI><a href="#[118]">llc_check_sreq_or_creq_tx_addr_ucfg</a>
 <LI><a href="#[5a7]">llc_check_sreq_or_creq_tx_addr_ucfg_weak</a>
 <LI><a href="#[393]">llc_cig_cmn_mem_alloc_ucfg</a>
 <LI><a href="#[5a8]">llc_cig_cmn_mem_alloc_ucfg_weak</a>
 <LI><a href="#[42e]">llc_cig_cmn_start_cis_ucfg</a>
 <LI><a href="#[5a9]">llc_cig_cmn_start_cis_ucfg_weak</a>
 <LI><a href="#[429]">llc_cig_cmn_terminate_cises_on_acl_ucfg</a>
 <LI><a href="#[5aa]">llc_cig_cmn_terminate_cises_on_acl_ucfg_weak</a>
 <LI><a href="#[437]">llc_conn_calc_skip_ucfg</a>
 <LI><a href="#[5ab]">llc_conn_calc_skip_ucfg_weak</a>
 <LI><a href="#[58]">llc_conn_cancel_slot</a>
 <LI><a href="#[42b]">llc_conn_check_ctrl_proc_rsp_timer</a>
 <LI><a href="#[42c]">llc_conn_check_instant_and_set_params</a>
 <LI><a href="#[477]">llc_conn_check_subrate_and_set_params_ucfg</a>
 <LI><a href="#[5ac]">llc_conn_check_subrate_and_set_params_ucfg_weak</a>
 <LI><a href="#[439]">llc_conn_check_supervision_timer</a>
 <LI><a href="#[344]">llc_conn_clr_instant_reached_passed</a>
 <LI><a href="#[37e]">llc_conn_clr_rx_acl_blocked</a>
 <LI><a href="#[339]">llc_conn_clr_rx_ctrl_pdu_full</a>
 <LI><a href="#[37d]">llc_conn_clr_tx_acl_blocked</a>
 <LI><a href="#[43c]">llc_conn_copy_tx_data_packet</a>
 <LI><a href="#[323]">llc_conn_disconnect_link_from_cpf</a>
 <LI><a href="#[436]">llc_conn_enhanced_get_latency</a>
 <LI><a href="#[347]">llc_conn_get_cntxt_p</a>
 <LI><a href="#[2ed]">llc_conn_get_cntxt_per_p</a>
 <LI><a href="#[305]">llc_conn_get_cntxt_per_p_from_handle</a>
 <LI><a href="#[418]">llc_conn_get_conn_idx</a>
 <LI><a href="#[32e]">llc_conn_get_ctrl_pdu_data_p</a>
 <LI><a href="#[2ee]">llc_conn_get_enc_on</a>
 <LI><a href="#[341]">llc_conn_get_instant_passed</a>
 <LI><a href="#[340]">llc_conn_get_instant_reached</a>
 <LI><a href="#[427]">llc_conn_get_rx_acl_blocked</a>
 <LI><a href="#[426]">llc_conn_get_rx_ctrl_pdu_full</a>
 <LI><a href="#[470]">llc_conn_get_tx_acl_blocked</a>
 <LI><a href="#[32b]">llc_conn_get_tx_ctrl_pdu_state</a>
 <LI><a href="#[126]">llc_conn_go_to_connect</a>
 <LI><a href="#[457]">llc_conn_guard_time_for_close_conn_event</a>
 <LI><a href="#[384]">llc_conn_init</a>
 <LI><a href="#[445]">llc_conn_init_cte_ctxt_ucfg</a>
 <LI><a href="#[5ad]">llc_conn_init_cte_ctxt_ucfg_weak</a>
 <LI><a href="#[446]">llc_conn_init_pcl_ctxt_ucfg</a>
 <LI><a href="#[5ae]">llc_conn_init_pcl_ctxt_ucfg_weak</a>
 <LI><a href="#[59]">llc_conn_isr</a>
 <LI><a href="#[452]">llc_conn_list_add_address</a>
 <LI><a href="#[330]">llc_conn_list_remove_address</a>
 <LI><a href="#[459]">llc_conn_list_reset</a>
 <LI><a href="#[11c]">llc_conn_list_search_address</a>
 <LI><a href="#[38a]">llc_conn_mem_allocate</a>
 <LI><a href="#[479]">llc_conn_multi_link_connection</a>
 <LI><a href="#[336]">llc_conn_per_init</a>
 <LI><a href="#[480]">llc_conn_peripheral_latency_cancellation_tsk</a>
 <LI><a href="#[5a]">llc_conn_program_slot</a>
 <LI><a href="#[450]">llc_conn_push_adv_set_terminated_event</a>
 <LI><a href="#[131]">llc_conn_push_connection_complete_event</a>
 <LI><a href="#[451]">llc_conn_push_csa_event</a>
 <LI><a href="#[1c2]">llc_conn_release_conn_idx</a>
 <LI><a href="#[1c0]">llc_conn_reserve_conn_idx</a>
 <LI><a href="#[144]">llc_conn_send_acl_data</a>
 <LI><a href="#[31d]">llc_conn_set_chmap_params</a>
 <LI><a href="#[35b]">llc_conn_set_conn_update_params</a>
 <LI><a href="#[378]">llc_conn_set_rx_acl_blocked</a>
 <LI><a href="#[37a]">llc_conn_set_start_enc</a>
 <LI><a href="#[377]">llc_conn_set_stop_enc</a>
 <LI><a href="#[43a]">llc_conn_set_taskslot_params</a>
 <LI><a href="#[376]">llc_conn_set_tx_acl_blocked</a>
 <LI><a href="#[358]">llc_conn_set_tx_ctrl_pdu_has_instant</a>
 <LI><a href="#[32c]">llc_conn_set_tx_ctrl_pdu_state</a>
 <LI><a href="#[5b]">llc_conn_skip_slot</a>
 <LI><a href="#[466]">llc_conn_update_receive_window</a>
 <LI><a href="#[129]">llc_convert_hci_phy_enum_to_hw_phy</a>
 <LI><a href="#[44e]">llc_convert_sca_to_ppm</a>
 <LI><a href="#[320]">llc_cpe_calc_instant</a>
 <LI><a href="#[44a]">llc_cpe_init_sm_ctxt</a>
 <LI><a href="#[35e]">llc_cte_get_ctxt</a>
 <LI><a href="#[39a]">llc_cte_init_ucfg</a>
 <LI><a href="#[5af]">llc_cte_init_ucfg_weak</a>
 <LI><a href="#[395]">llc_cte_mem_allocate_ucfg</a>
 <LI><a href="#[5b0]">llc_cte_mem_allocate_ucfg_weak</a>
 <LI><a href="#[478]">llc_cte_process_rx_cte_ucfg</a>
 <LI><a href="#[5b1]">llc_cte_process_rx_cte_ucfg_weak</a>
 <LI><a href="#[3a3]">llc_cte_timer_error_ucfg</a>
 <LI><a href="#[5b2]">llc_cte_timer_error_ucfg_weak</a>
 <LI><a href="#[3a1]">llc_cte_timer_stop_ucfg</a>
 <LI><a href="#[5b3]">llc_cte_timer_stop_ucfg_weak</a>
 <LI><a href="#[313]">llc_eadv_generate_new_rpa_for_one_adv_set</a>
 <LI><a href="#[30f]">llc_get_advertising_set_index</a>
 <LI><a href="#[1c8]">llc_get_channel_sel_algo2_enabled</a>
 <LI><a href="#[1be]">llc_get_linkms_cntxt_p</a>
 <LI><a href="#[442]">llc_get_next_free_conn_handle</a>
 <LI><a href="#[390]">llc_iso_cmn_mem_alloc_ucfg</a>
 <LI><a href="#[5b4]">llc_iso_cmn_mem_alloc_ucfg_weak</a>
 <LI><a href="#[394]">llc_isoal_mem_alloc_ucfg</a>
 <LI><a href="#[5b5]">llc_isoal_mem_alloc_ucfg_weak</a>
 <LI><a href="#[443]">llc_mngm_csa2_select_channel_for_task</a>
 <LI><a href="#[48d]">llc_mngm_csa2_select_subevent_channel_ucfg</a>
 <LI><a href="#[5b6]">llc_mngm_csa2_select_subevent_channel_ucfg_weak</a>
 <LI><a href="#[431]">llc_mngm_csa2_update_remapping_table</a>
 <LI><a href="#[47e]">llc_mngm_mod_37</a>
 <LI><a href="#[399]">llc_padv_init_ucfg</a>
 <LI><a href="#[5b7]">llc_padv_init_ucfg_weak</a>
 <LI><a href="#[38b]">llc_padv_mem_allocate_ucfg</a>
 <LI><a href="#[5b8]">llc_padv_mem_allocate_ucfg_weak</a>
 <LI><a href="#[3b]">llc_padv_periodic_adv_sync_csr_ucfg</a>
 <LI><a href="#[5b9]">llc_padv_periodic_adv_sync_csr_ucfg_weak</a>
 <LI><a href="#[196]">llc_padv_periodic_adv_sync_wr_csr_ucfg</a>
 <LI><a href="#[5ba]">llc_padv_periodic_adv_sync_wr_csr_ucfg_weak</a>
 <LI><a href="#[38e]">llc_past_mem_allocate_ucfg</a>
 <LI><a href="#[5bb]">llc_past_mem_allocate_ucfg_weak</a>
 <LI><a href="#[19b]">llc_priv_controller_privacy_csr_ucfg</a>
 <LI><a href="#[5bc]">llc_priv_controller_privacy_csr_ucfg_weak</a>
 <LI><a href="#[489]">llc_priv_generate_local_rpa_from_peer_id_ucfg</a>
 <LI><a href="#[5bd]">llc_priv_generate_local_rpa_from_peer_id_ucfg_weak</a>
 <LI><a href="#[48a]">llc_priv_generate_peer_rpa_from_peer_id_ucfg</a>
 <LI><a href="#[5be]">llc_priv_generate_peer_rpa_from_peer_id_ucfg_weak</a>
 <LI><a href="#[488]">llc_priv_init_random_part_of_one_local_rpa_ucfg</a>
 <LI><a href="#[5bf]">llc_priv_init_random_part_of_one_local_rpa_ucfg_weak</a>
 <LI><a href="#[39f]">llc_priv_init_ucfg</a>
 <LI><a href="#[5c0]">llc_priv_init_ucfg_weak</a>
 <LI><a href="#[389]">llc_priv_mem_allocate</a>
 <LI><a href="#[73]">llc_priv_offline_rpa_resolution_ucfg</a>
 <LI><a href="#[5c1]">llc_priv_offline_rpa_resolution_ucfg_weak</a>
 <LI><a href="#[314]">llc_priv_start_privacy_timer_ucfg</a>
 <LI><a href="#[5c2]">llc_priv_start_privacy_timer_ucfg_weak</a>
 <LI><a href="#[128]">llc_priv_stop_privacy_timer_ucfg</a>
 <LI><a href="#[5c3]">llc_priv_stop_privacy_timer_ucfg_weak</a>
 <LI><a href="#[48f]">llc_pscan_get_cntxt_per_p</a>
 <LI><a href="#[397]">llc_pscan_init_ucfg</a>
 <LI><a href="#[5c4]">llc_pscan_init_ucfg_weak</a>
 <LI><a href="#[26]">llc_pscan_isr_ucfg</a>
 <LI><a href="#[5c5]">llc_pscan_isr_ucfg_weak</a>
 <LI><a href="#[38d]">llc_pscan_mem_allocate_ucfg</a>
 <LI><a href="#[5c6]">llc_pscan_mem_allocate_ucfg_weak</a>
 <LI><a href="#[338]">llc_pscan_wr_check_pawr_active_ucfg</a>
 <LI><a href="#[5c7]">llc_pscan_wr_check_pawr_active_ucfg_weak</a>
 <LI><a href="#[383]">llc_pscan_wr_init_ucfg</a>
 <LI><a href="#[5c8]">llc_pscan_wr_init_ucfg_weak</a>
 <LI><a href="#[38f]">llc_pscan_wr_mem_allocate_ucfg</a>
 <LI><a href="#[5c9]">llc_pscan_wr_mem_allocate_ucfg_weak</a>
 <LI><a href="#[312]">llc_scan_get_cntxt_p</a>
 <LI><a href="#[396]">llc_scan_init_ucfg</a>
 <LI><a href="#[5ca]">llc_scan_init_ucfg_weak</a>
 <LI><a href="#[38c]">llc_scan_mem_allocate_ucfg</a>
 <LI><a href="#[5cb]">llc_scan_mem_allocate_ucfg_weak</a>
 <LI><a href="#[2c5]">llc_scan_set_scan_channel_bitmap</a>
 <LI><a href="#[45b]">llc_subrate_init_acceptable</a>
 <LI><a href="#[448]">llc_subrate_init_acceptable_per</a>
 <LI><a href="#[438]">llc_subrate_new_sr_base_event_ucfg</a>
 <LI><a href="#[5cc]">llc_subrate_new_sr_base_event_ucfg_weak</a>
 <LI><a href="#[2fa]">llc_subrate_offline_processing_ucfg</a>
 <LI><a href="#[5cd]">llc_subrate_offline_processing_ucfg_weak</a>
 <LI><a href="#[432]">llc_subrate_reset_params</a>
 <LI><a href="#[435]">llc_subrate_update_cont_counter_ucfg</a>
 <LI><a href="#[5ce]">llc_subrate_update_cont_counter_ucfg_weak</a>
 <LI><a href="#[5e]">llc_timers_callback</a>
 <LI><a href="#[49]">llc_timers_callback_wrapper</a>
 <LI><a href="#[388]">llc_wl_mem_allocate</a>
 <LI><a href="#[2d2]">nvm_dev_id_data_add_record</a>
 <LI><a href="#[2d1]">nvm_dev_id_data_get_record</a>
 <LI><a href="#[3cd]">nvm_discard_current_record</a>
 <LI><a href="#[3cc]">nvm_gatt_db_read_full_current_record</a>
 <LI><a href="#[495]">nvm_gatt_db_read_init</a>
 <LI><a href="#[491]">nvm_gatt_db_read_next_record</a>
 <LI><a href="#[3ce]">nvm_gatt_db_update_record</a>
 <LI><a href="#[492]">nvm_sec_db_add_record</a>
 <LI><a href="#[493]">nvm_sec_db_get_record_count</a>
 <LI><a href="#[496]">nvm_sec_db_read_init</a>
 <LI><a href="#[494]">nvm_sec_db_read_next_record</a>
 <LI><a href="#[1a0]">pcl_csr_ucfg</a>
 <LI><a href="#[5cf]">pcl_csr_ucfg_weak</a>
 <LI><a href="#[19a]">phy_upd_csr_ucfg</a>
 <LI><a href="#[5d0]">phy_upd_csr_ucfg_weak</a>
 <LI><a href="#[19d]">scan_csr_ucfg</a>
 <LI><a href="#[5d1]">scan_csr_ucfg_weak</a>
 <LI><a href="#[497]">sdb_sap_add_security_record</a>
 <LI><a href="#[498]">sdb_sap_del_bonded_device</a>
 <LI><a href="#[499]">sdb_sap_get_security_records_count</a>
 <LI><a href="#[3ca]">sdb_sap_read_security_record</a>
 <LI><a href="#[49b]">sdb_sap_read_security_record_matching</a>
 <LI><a href="#[49d]">secure_connections_csr</a>
 <LI><a href="#[4f9]">smp_check_is_any_pairing_ongoing</a>
 <LI><a href="#[49e]">smp_cmn_is_peer_rejectlisted</a>
 <LI><a href="#[49f]">smp_cmn_rejectlist_init</a>
 <LI><a href="#[4a0]">smp_cmn_rejectlist_start_probation_timer2</a>
 <LI><a href="#[4a2]">smp_cmn_repeated_attacks_protection_start</a>
 <LI><a href="#[4a3]">smp_cmn_repeated_attacks_timer_cb</a>
 <LI><a href="#[4a6]">smp_crt_diversify</a>
 <LI><a href="#[4a7]">smp_crt_f4_generate_confirm</a>
 <LI><a href="#[4a8]">smp_crt_f5_generate_keys</a>
 <LI><a href="#[4a9]">smp_crt_f6_generate_check_val</a>
 <LI><a href="#[4aa]">smp_crt_g2_generate_num_comp_val</a>
 <LI><a href="#[4ab]">smp_crt_generate_cmac_tag</a>
 <LI><a href="#[4ad]">smp_crt_generate_csrk</a>
 <LI><a href="#[4ae]">smp_crt_s1_generate_stk</a>
 <LI><a href="#[4af]">smp_debug_trudy__set_config</a>
 <LI><a href="#[4b0]">smp_dep_gap_get_local_identity_address</a>
 <LI><a href="#[4b1]">smp_dep_l2c_send_acl_packet</a>
 <LI><a href="#[4b3]">smp_dep_l2c_send_acl_short_pdu</a>
 <LI><a href="#[4b4]">smp_dep_sdb_add_bonding_record</a>
 <LI><a href="#[4b5]">smp_dep_sdb_find_bonding_record_by_conn_addr</a>
 <LI><a href="#[4b7]">smp_dep_sdb_find_bonding_record_read_address</a>
 <LI><a href="#[4b8]">smp_dep_sdb_find_matching_ltk_read_record</a>
 <LI><a href="#[4b9]">smp_dep_sdb_get_bonding_records_count</a>
 <LI><a href="#[4c5]">smp_fsm_execute_actions_excerpt_cei_ucfg</a>
 <LI><a href="#[5d2]">smp_fsm_execute_actions_excerpt_cei_ucfg_weak</a>
 <LI><a href="#[4ba]">smp_fsm_execute_actions_scp_phase2as2</a>
 <LI><a href="#[4be]">smp_fsm_process_actions_wrt_state_tsk</a>
 <LI><a href="#[4b2]">smp_get_remote_device_list_index</a>
 <LI><a href="#[4f2]">smp_get_remote_device_list_item</a>
 <LI><a href="#[4c6]">smp_init</a>
 <LI><a href="#[4c9]">smp_oob_check_is_remote_data_present</a>
 <LI><a href="#[4ca]">smp_oob_clear_remote_data_entry</a>
 <LI><a href="#[4cb]">smp_oob_get_remote_data_reference</a>
 <LI><a href="#[4cc]">smp_pka_process_ecc_computation_tsk</a>
 <LI><a href="#[4d6]">smp_pp1_auth_req_field_generate_from_device_config</a>
 <LI><a href="#[4d1]">smp_pp1_get_next_free_pairing_idx</a>
 <LI><a href="#[4d5]">smp_pp1_get_pairing_pdu_offset</a>
 <LI><a href="#[4ce]">smp_pp1_hndl_pairing_response_mode_through_event</a>
 <LI><a href="#[4cf]">smp_pp1_key_generation_method_selection</a>
 <LI><a href="#[4d9]">smp_pp1_pairing_packet_build</a>
 <LI><a href="#[4d0]">smp_pp1_per_rxp_pairing_request</a>
 <LI><a href="#[4d4]">smp_pp1_per_send_pairing_response</a>
 <LI><a href="#[4d3]">smp_pp1_reqrsp_pdu_copy_to_pairing_data</a>
 <LI><a href="#[4d8]">smp_pp1_reqrsp_pdu_extract_from_pairing_data</a>
 <LI><a href="#[4d2]">smp_pp1_reqrsp_pdu_params_check</a>
 <LI><a href="#[4da]">smp_pp2_per_auth_stage1_start_excerpt_scp</a>
 <LI><a href="#[4c2]">smp_pp2_per_auth_stage_1_start</a>
 <LI><a href="#[4db]">smp_pp2_per_rx_process_pairing_confirm</a>
 <LI><a href="#[4e0]">smp_pp2_per_rx_process_pairing_confirm_excerpt_scp</a>
 <LI><a href="#[4e1]">smp_pp2_per_rx_process_pairing_random</a>
 <LI><a href="#[4e3]">smp_pp2_per_rx_process_pairing_random_excerpt_scp</a>
 <LI><a href="#[4e5]">smp_pp3_keys_distribution_completed</a>
 <LI><a href="#[4e7]">smp_pp3_keys_distribution_receive</a>
 <LI><a href="#[4c0]">smp_pp3_keys_distribution_send</a>
 <LI><a href="#[4e9]">smp_pp3_keys_distribution_signaling_ack</a>
 <LI><a href="#[4c3]">smp_pp3_keys_distribution_start</a>
 <LI><a href="#[4c4]">smp_pp3_pairing_completed_successful</a>
 <LI><a href="#[4eb]">smp_pp3_pairing_completed_update_stats</a>
 <LI><a href="#[4ed]">smp_pp3_pairing_failed_receive</a>
 <LI><a href="#[4bc]">smp_pp3_pairing_failed_send</a>
 <LI><a href="#[4ee]">smp_rxp_flush_packet_queues</a>
 <LI><a href="#[4ef]">smp_rxp_process_exception_cases_excerpt_scp</a>
 <LI><a href="#[4f1]">smp_rxp_process_rxed_packets_tsk</a>
 <LI><a href="#[4f4]">smp_rxp_process_wrt_current_fsm_excerpt_cei_ucfg</a>
 <LI><a href="#[5d3]">smp_rxp_process_wrt_current_fsm_excerpt_cei_ucfg_weak</a>
 <LI><a href="#[4f6]">smp_rxp_process_wrt_current_fsm_excerpt_scp</a>
 <LI><a href="#[3e5]">smp_sap_aci_passkey_response</a>
 <LI><a href="#[3e1]">smp_sap_aci_scp_numeric_comparison_response</a>
 <LI><a href="#[3ec]">smp_sap_aci_set_authentication_req</a>
 <LI><a href="#[3e9]">smp_sap_aci_set_io_capabilities</a>
 <LI><a href="#[271]">smp_sap_check_encryption_key_size</a>
 <LI><a href="#[27a]">smp_sap_check_is_peer_device_bonded</a>
 <LI><a href="#[49c]">smp_sap_crt_generate_ediv</a>
 <LI><a href="#[4e8]">smp_sap_crt_generate_local_irk</a>
 <LI><a href="#[1e8]">smp_sap_crt_generate_rpa</a>
 <LI><a href="#[49a]">smp_sap_crt_resolve_rpa</a>
 <LI><a href="#[20e]">smp_sap_forget_device_upon_disconnection</a>
 <LI><a href="#[26d]">smp_sap_get_remote_address_check_addr_type</a>
 <LI><a href="#[270]">smp_sap_get_security_level</a>
 <LI><a href="#[406]">smp_sap_hci_disconnection_complete_evt_hndl</a>
 <LI><a href="#[40a]">smp_sap_hci_encryption_change_evt_hndl</a>
 <LI><a href="#[40d]">smp_sap_hci_le_connection_complete_evt_hndl</a>
 <LI><a href="#[411]">smp_sap_hci_le_enhanced_connection_complete_evt_hndl</a>
 <LI><a href="#[4fb]">smp_sap_hci_le_generate_dhkey_complete_evt_hndl</a>
 <LI><a href="#[416]">smp_sap_hci_le_long_term_key_request_evt_hndl</a>
 <LI><a href="#[4fc]">smp_sap_hci_le_read_local_p256_public_key_complete_evt_hndl</a>
 <LI><a href="#[2e6]">smp_sap_l2c_acl_data_hndl</a>
 <LI><a href="#[4fe]">smp_sap_scp_force_debug_key_usage</a>
 <LI><a href="#[256]">smp_sap_sm2_packet_data_signing_validate</a>
 <LI><a href="#[500]">smp_scp_continue_on_exclusive_sc_pairing</a>
 <LI><a href="#[4cd]">smp_scp_execute_public_key_generation_request</a>
 <LI><a href="#[501]">smp_scp_init</a>
 <LI><a href="#[4ff]">smp_scp_is_another_sc_pairing_ongoing</a>
 <LI><a href="#[4dc]">smp_scp_oob_confirm_receive_verify</a>
 <LI><a href="#[4f7]">smp_scp_phase_2as2_dhkey_check_receive</a>
 <LI><a href="#[4bb]">smp_scp_phase_2as2_start</a>
 <LI><a href="#[505]">smp_scp_public_key_prepare_and_exchange</a>
 <LI><a href="#[4f8]">smp_scp_public_key_receive</a>
 <LI><a href="#[506]">smp_scp_public_key_send</a>
 <LI><a href="#[4fd]">smp_scp_set_local_public_key</a>
 <LI><a href="#[507]">smp_scp_stats_update_on_pairing_complete</a>
 <LI><a href="#[4e6]">smp_start_encryption_ucfg</a>
 <LI><a href="#[5d4]">smp_start_encryption_ucfg_weak</a>
 <LI><a href="#[4c7]">smp_timer_init</a>
 <LI><a href="#[4a1]">smp_timer_reset</a>
 <LI><a href="#[62]">smp_timers_cb</a>
 <LI><a href="#[61]">smp_timers_cb_wrapper</a>
 <LI><a href="#[508]">smp_timers_protocol_timeout_cb</a>
 <LI><a href="#[346]">subrate_csr_ucfg</a>
 <LI><a href="#[5d5]">subrate_csr_ucfg_weak</a>
 <LI><a href="#[3db]">tsk_init</a>
 <LI><a href="#[1ae]">tsk_no_idle_check</a>
 <LI><a href="#[1ac]">tsk_notify_idx</a>
 <LI><a href="#[1af]">tsk_scheduler</a>
 <LI><a href="#[3c2]">tsk_signal_resource_idx</a>
 <LI><a href="#[222]">tsk_wait_resource_idx</a>
 <LI><a href="#[3df]">fifoBuf_getFreeHeader</a>
 <LI><a href="#[1cb]">event_notify_cb</a>
 <LI><a href="#[1ca]">hci_hardware_error_event_cb</a>
 <LI><a href="#[1f6]">GAP_stop_discoverability</a>
 <LI><a href="#[2b]">GAT_att_cmn_handle_disconnec_iterate_f</a>
 <LI><a href="#[21b]">GAT_att_cmn_get_timer_index</a>
 <LI><a href="#[210]">GAT_att_cmn_get_opcode</a>
 <LI><a href="#[24c]">GAT_att_srv_get_exec_fn_id_by_op</a>
 <LI><a href="#[238]">GAT_att_srv_write_err_packet</a>
 <LI><a href="#[24b]">GAT_att_srv_run</a>
 <LI><a href="#[108]">ACL_pkt_read_8b</a>
 <LI><a href="#[254]">GAT_att_srv_send_response</a>
 <LI><a href="#[23b]">GAT_att_srv_get_handle_range</a>
 <LI><a href="#[232]">GAT_att_srv_flush_rx_pckts</a>
 <LI><a href="#[112]">ACL_pkt_write_8b</a>
 <LI><a href="#[79]">GAT_att_srv_exchange_mtu_exc</a>
 <LI><a href="#[7a]">GAT_att_srv_find_info_exc</a>
 <LI><a href="#[7b]">GAT_att_srv_find_by_type_val_exc</a>
 <LI><a href="#[23d]">GAT_att_srv_value_read</a>
 <LI><a href="#[7c]">GAT_att_srv_read_by_type_exc</a>
 <LI><a href="#[7d]">GAT_att_srv_read_exc</a>
 <LI><a href="#[7e]">GAT_att_srv_read_multi_exc</a>
 <LI><a href="#[7f]">GAT_att_srv_write_exc</a>
 <LI><a href="#[246]">GAT_att_srv_set_attr_value_check</a>
 <LI><a href="#[80]">GAT_att_srv_prep_wr_exc</a>
 <LI><a href="#[81]">GAT_att_srv_exec_wr_exc</a>
 <LI><a href="#[82]">GAT_att_srv_confirm_exc</a>
 <LI><a href="#[26b]">GAT_srv_is_bonded</a>
 <LI><a href="#[269]">GAT_srv_set_zip_val</a>
 <LI><a href="#[26a]">GAT_srv_set_cccd_val</a>
 <LI><a href="#[268]">GAT_srv_get_zip_val</a>
 <LI><a href="#[2f]">GAT_srv_aes_cmac_append</a>
 <LI><a href="#[30]">GAT_srv_tx_service_change</a>
 <LI><a href="#[265]">GAT_srv_attr_direct_value_write</a>
 <LI><a href="#[456]">llc_conn_set_blue_packets</a>
 <LI><a href="#[47a]">llc_conn_peripheral_latency</a>
 <LI><a href="#[47b]">llc_conn_peripheral_latency_cancellation</a>
 <LI><a href="#[32a]">LL_cpe_get_ctrl_flds_common_p</a>
 <LI><a href="#[327]">ll_cpe_get_ctrl_flds_per_sm_p</a>
 <LI><a href="#[326]">ll_cpe_get_cpid_from_sm</a>
 <LI><a href="#[329]">ll_cpe_set_active</a>
 <LI><a href="#[32d]">ll_cpe_check_rx_pdu_can_be_processed</a>
 <LI><a href="#[32f]">ll_cpe_get_blocked_status</a>
 <LI><a href="#[331]">ll_cpe_get_expected_opcode</a>
 <LI><a href="#[332]">ll_cpe_get_state</a>
 <LI><a href="#[333]">LL_cpe_rxctrlpdu_checkreject</a>
 <LI><a href="#[334]">valid_first_opcode</a>
 <LI><a href="#[335]">ll_cpe_reset_state_machines</a>
 <LI><a href="#[33a]">ll_cpe_get_active</a>
 <LI><a href="#[33b]">ll_cpe_get_rx_pdu_discarded_by_one_sm</a>
 <LI><a href="#[33c]">ll_cpe_process_rx_pdu</a>
 <LI><a href="#[33d]">ll_cpe_get_instant_active</a>
 <LI><a href="#[33e]">LL_cpe_get_cpf</a>
 <LI><a href="#[33f]">ll_cpe_set_expected_opcode</a>
 <LI><a href="#[342]">ll_cpe_clr_rx_pdu_discarded_by_one_sm</a>
 <LI><a href="#[343]">ll_cpe_check_instant_blocked</a>
 <LI><a href="#[345]">ll_cpe_set_state</a>
 <LI><a href="#[425]">ll_cpe_get_instant_supported</a>
 <LI><a href="#[424]">LL_cpe_is_opcode_supporting_instant</a>
 <LI><a href="#[2ef]">LLC_authenticated_payload_timeout_start_le_ping</a>
 <LI><a href="#[303]">LL_Context_ReturnFree</a>
 <LI><a href="#[30b]">LL_LE_Set_Advertising_Parameters_Default</a>
 <LI><a href="#[1c5]">EADV_stop</a>
 <LI><a href="#[11e]">UTIL_u8GetNextAdvChannel</a>
 <LI><a href="#[133]">hci_le_advertising_set_terminated_event_push</a>
 <LI><a href="#[134]">EADV_stop_isr</a>
 <LI><a href="#[11a]">hci_le_scan_request_received_event_push</a>
 <LI><a href="#[3ad]">MBM_release_balance</a>
 <LI><a href="#[3af]">MBM_move_class</a>
 <LI><a href="#[4e4]">le4ByteToInt32</a>
 <LI><a href="#[3e2]">aci_gap_numeric_comparison_value_event_push</a>
 <LI><a href="#[4de]">smp_pp2_per_lep_confirm_value_compute</a>
 <LI><a href="#[504]">smp_scp_pp2_as2_set_addresses</a>
 <LI><a href="#[502]">smp_scp_pp2_as2_dhkey_check_generate</a>
 <LI><a href="#[503]">smp_scp_pp2_as2_dhkey_check_send</a>
 <LI><a href="#[1f9]">GAP_set_discoverability_mode</a>
 <LI><a href="#[1e4]">GAP_suspend_resume_active_advertising_sets_legacy</a>
 <LI><a href="#[204]">GAT_att_cmn_get_opcode</a>
 <LI><a href="#[10a]">ACL_pkt_read_8b</a>
 <LI><a href="#[1]">GAT_att_clt_unexpect_rx</a>
 <LI><a href="#[229]">GAT_att_db_get_att_idx</a>
 <LI><a href="#[223]">GAT_att_db_find_attr_idx_with_handle</a>
 <LI><a href="#[224]">GAT_att_db_find_attr_idx_from_handle</a>
 <LI><a href="#[228]">GAT_att_db_get_last_group_attribute</a>
 <LI><a href="#[25e]">GAT_srv_db_update_allowed</a>
 <LI><a href="#[25f]">GAT_srv_check_group_size</a>
 <LI><a href="#[434]">llc_conn_close_event</a>
 <LI><a href="#[43e]">llc_conn_decrement_enc_count_rx</a>
 <LI><a href="#[48b]">llc_mngm_csa2_select_channel</a>
 <LI><a href="#[48c]">llc_mngm_csa2_permutation</a>
 <LI><a href="#[359]">llc_conn_upd_params_check</a>
 <LI><a href="#[379]">le4ByteToInt32</a>
 <LI><a href="#[37b]">hci_encryption_key_refresh_complete_event_push</a>
 <LI><a href="#[37c]">hci_encryption_change_event_push</a>
 <LI><a href="#[37f]">llc_enc_prepare_reject</a>
 <LI><a href="#[3a5]">hci_read_remote_version_information_complete_event_push</a>
 <LI><a href="#[3cf]">sdb_remove_security_record_by_address</a>
 <LI><a href="#[3cb]">sdb_gatt_search_record</a>
 <LI><a href="#[4a5]">smp_crt_calculate_hash</a>
 <LI><a href="#[4ac]">smp_crt_left_shift</a>
 <LI><a href="#[4b6]">smp_dep_sdb_copy_bonding_record_data_to_remdev</a>
 <LI><a href="#[4ea]">smp_pp3_pairing_process_abort</a>
 <LI><a href="#[4a4]">smp_connection_complete_handler</a>
 <LI><a href="#[490]">nvm_convert_bleplat_to_blestack_status</a>
 <LI><a href="#[509]">lsbit</a>
 <LI><a href="#[1b3]">Timer_TryStartFirstActive</a>
 <LI><a href="#[1b2]">Timer_StartFirstActive_sysT</a>
 <LI><a href="#[259]">GAT_clt_get_proc_per_channel</a>
 <LI><a href="#[211]">GAT_att_cmn_get_opcode</a>
 <LI><a href="#[10b]">ACL_pkt_read_8b</a>
 <LI><a href="#[0]">GAT_clt_exec_empty</a>
</UL>
</UL>
<P>
<H3>
Mutually Recursive functions
</H3> <LI><a href="#[11]">ADC_IRQHandler</a>&nbsp;&nbsp;&nbsp;&rArr;&nbsp;&nbsp;&nbsp;<a href="#[11]">ADC_IRQHandler</a><BR>
 <LI><a href="#[3e3]">aci_gap_pairing_complete_event_push_noinline</a>&nbsp;&nbsp;&nbsp;&rArr;&nbsp;&nbsp;&nbsp;<a href="#[142]">aci_event_fifo_push</a><BR>
 <LI><a href="#[208]">aci_hal_fw_error_event_push_noinline</a>&nbsp;&nbsp;&nbsp;&rArr;&nbsp;&nbsp;&nbsp;<a href="#[142]">aci_event_fifo_push</a><BR>
 <LI><a href="#[2e9]">Mem_Buff_append</a>&nbsp;&nbsp;&nbsp;&rArr;&nbsp;&nbsp;&nbsp;<a href="#[2e9]">Mem_Buff_append</a><BR>
 <LI><a href="#[4]">HardFault_Handler</a>&nbsp;&nbsp;&nbsp;&rArr;&nbsp;&nbsp;&nbsp;<a href="#[4]">HardFault_Handler</a><BR>
 <LI><a href="#[47]">char_copy</a>&nbsp;&nbsp;&nbsp;&rArr;&nbsp;&nbsp;&nbsp;<a href="#[47]">char_copy</a><BR>
 <LI><a href="#[3]">NMI_Handler</a>&nbsp;&nbsp;&nbsp;&rArr;&nbsp;&nbsp;&nbsp;<a href="#[3]">NMI_Handler</a><BR>
</UL>
<P>
<H3>
Function Pointers
</H3><UL>
 <LI><a href="#[51]">ACL_pkt_read_16b</a> from acl_packet.o(.text.ACL_pkt_read_16b) referenced from events.o(.text.aci_l2cap_connection_update_req_event_copy)
 <LI><a href="#[2d]">ACL_pkt_write</a> from acl_packet.o(.text.ACL_pkt_write) referenced from gat_att_srv.o(.text.GAT_att_srv_hvtx)
 <LI><a href="#[11]">ADC_IRQHandler</a> from startup_stm32wb09.o(.text) referenced from startup_stm32wb09.o(RESET)
 <LI><a href="#[3d]">ADV_ISR</a> from ll_ext_adv.o(.text.ADV_ISR) referenced from ll_ext_adv.o(.text.LL_Set_Extented_Advertising_Enable)
 <LI><a href="#[3c]">ADV_cancelslot</a> from ll_ext_adv.o(.text.ADV_cancelslot) referenced from ll_ext_adv.o(.text.LL_Set_Extented_Advertising_Enable)
 <LI><a href="#[3e]">ADV_createslot</a> from ll_ext_adv.o(.text.ADV_createslot) referenced from ll_ext_adv.o(.text.LL_Set_Extented_Advertising_Enable)
 <LI><a href="#[3f]">ADV_skiproutine</a> from ll_ext_adv.o(.text.ADV_skiproutine) referenced from ll_ext_adv.o(.text.LL_Set_Extented_Advertising_Enable)
 <LI><a href="#[5f]">AES_CMAC_Encrypt</a> from aes128cmac.o(.text.AES_CMAC_Encrypt) referenced from smp_crypto_toolbox.o(.text.smp_crt_f5_generate_keys)
 <LI><a href="#[34]">BLEPLAT_MemCpy</a> from bleplat.o(.text.BLEPLAT_MemCpy) referenced from aci_hal.o(.text.HAL_Write_ConfigData)
 <LI><a href="#[34]">BLEPLAT_MemCpy</a> from bleplat.o(.text.BLEPLAT_MemCpy) referenced from device_id_data.o(.text.IDD_Initialize_Device_IDs)
 <LI><a href="#[34]">BLEPLAT_MemCpy</a> from bleplat.o(.text.BLEPLAT_MemCpy) referenced from hci_encryption_pka.o(.text.hci_le_encrypt)
 <LI><a href="#[34]">BLEPLAT_MemCpy</a> from bleplat.o(.text.BLEPLAT_MemCpy) referenced from llc_connect_routines.o(.text.llc_conn_push_connection_complete_event)
 <LI><a href="#[34]">BLEPLAT_MemCpy</a> from bleplat.o(.text.BLEPLAT_MemCpy) referenced from smp_sap_hci_cmn.o(.text.smp_connection_complete_handler)
 <LI><a href="#[34]">BLEPLAT_MemCpy</a> from bleplat.o(.text.BLEPLAT_MemCpy) referenced from smp_dep_sdb.o(.text.smp_dep_sdb_copy_bonding_record_data_to_remdev)
 <LI><a href="#[34]">BLEPLAT_MemCpy</a> from bleplat.o(.text.BLEPLAT_MemCpy) referenced from smp_hndl_pairing_phase2.o(.text.smp_pp2_per_lep_confirm_value_compute)
 <LI><a href="#[35]">BLEPLAT_MemSet</a> from bleplat.o(.text.BLEPLAT_MemSet) referenced from hci_common.o(.text.HCI_Init)
 <LI><a href="#[22]">BLEStack_Process</a> from app_ble.o(.text.BLEStack_Process) referenced from app_ble.o(.text.APP_BLE_Init)
 <LI><a href="#[78]">Controller_Process_Q_ucfg</a> from ble_stack_user_cfg.o(.text.Controller_Process_Q_ucfg) referenced from stacklib_tasks.o(.rodata.TSK_pfunc)
 <LI><a href="#[15]">DMA_IRQHandler</a> from stm32wb0x_it.o(.text.DMA_IRQHandler) referenced from startup_stm32wb09.o(RESET)
 <LI><a href="#[63]">Events_Process_Q</a> from events.o(.text.Events_Process_Q) referenced from stacklib_tasks.o(.rodata.TSK_pfunc)
 <LI><a href="#[8]">FLASH_IRQHandler</a> from startup_stm32wb09.o(.text) referenced from startup_stm32wb09.o(RESET)
 <LI><a href="#[69]">GAP_ResumeAdvertising_ucfg</a> from gap_peripheral.o(.text.GAP_ResumeAdvertising_ucfg_weak) referenced from stacklib_tasks.o(.rodata.TSK_pfunc)
 <LI><a href="#[68]">GAP_name_disc_proc_connected_check_ucfg</a> from ble_stack_user_cfg.o(.text.GAP_name_disc_proc_connected_check_ucfg) referenced from stacklib_tasks.o(.rodata.TSK_pfunc)
 <LI><a href="#[1]">GAT_att_clt_unexpect_rx</a> from gat_att_clt.o(.text.GAT_att_clt_unexpect_rx) referenced 2 times from gat_att_clt.o(.data.rcv_fn_p)
 <LI><a href="#[2c]">GAT_att_cmn_dscr_flag_check_is_not_set_f</a> from gat_att_cmn.o(.text.GAT_att_cmn_dscr_flag_check_is_not_set_f) referenced from gat_att_srv.o(.text.GAT_att_srv_confirmation_pending)
 <LI><a href="#[2c]">GAT_att_cmn_dscr_flag_check_is_not_set_f</a> from gat_att_cmn.o(.text.GAT_att_cmn_dscr_flag_check_is_not_set_f) referenced from gat_srv.o(.text.GAT_srv_tx_service_change)
 <LI><a href="#[31]">GAT_att_cmn_dscr_flag_clear_f</a> from gat_att_cmn.o(.text.GAT_att_cmn_dscr_flag_clear_f) referenced from gat_srv.o(.text.GAT_srv_tx_service_change)
 <LI><a href="#[2e]">GAT_att_cmn_dscr_flag_set_f</a> from gat_att_cmn.o(.text.GAT_att_cmn_dscr_flag_set_f) referenced from gat_srv.o(.text.GAT_srv_check_change_aware)
 <LI><a href="#[2e]">GAT_att_cmn_dscr_flag_set_f</a> from gat_att_cmn.o(.text.GAT_att_cmn_dscr_flag_set_f) referenced from gat_srv.o(.text.GAT_srv_db_hash_tsk)
 <LI><a href="#[2b]">GAT_att_cmn_handle_disconnec_iterate_f</a> from gat_att_cmn.o(.text.GAT_att_cmn_handle_disconnec_iterate_f) referenced from gat_att_cmn.o(.text.GAT_att_cmn_timer_expire_tsk)
 <LI><a href="#[2a]">GAT_att_cmn_timeout_cb</a> from gat_att_cmn.o(.text.GAT_att_cmn_timeout_cb) referenced from gat_att_cmn.o(.text.GAT_att_cmn_timeout_cb_wrapper)
 <LI><a href="#[29]">GAT_att_cmn_timeout_cb_wrapper</a> from gat_att_cmn.o(.text.GAT_att_cmn_timeout_cb_wrapper) referenced from gat_att_cmn.o(.text.GAT_att_cmn_init)
 <LI><a href="#[6a]">GAT_att_cmn_timer_expire_tsk_ucfg</a> from ble_stack_user_cfg.o(.text.GAT_att_cmn_timer_expire_tsk_ucfg) referenced from stacklib_tasks.o(.rodata.TSK_pfunc)
 <LI><a href="#[6b]">GAT_att_cmn_tx_pool_evt_tsk_ucfg</a> from ble_stack_user_cfg.o(.text.GAT_att_cmn_tx_pool_evt_tsk_ucfg) referenced from stacklib_tasks.o(.rodata.TSK_pfunc)
 <LI><a href="#[82]">GAT_att_srv_confirm_exc</a> from gat_att_srv.o(.text.GAT_att_srv_confirm_exc) referenced from gat_att_srv.o(.rodata.exec_fn_table_a_full)
 <LI><a href="#[79]">GAT_att_srv_exchange_mtu_exc</a> from gat_att_srv.o(.text.GAT_att_srv_exchange_mtu_exc) referenced from gat_att_srv.o(.rodata.exec_fn_table_a_full)
 <LI><a href="#[81]">GAT_att_srv_exec_wr_exc</a> from gat_att_srv.o(.text.GAT_att_srv_exec_wr_exc) referenced from gat_att_srv.o(.rodata.exec_fn_table_a_full)
 <LI><a href="#[7b]">GAT_att_srv_find_by_type_val_exc</a> from gat_att_srv.o(.text.GAT_att_srv_find_by_type_val_exc) referenced from gat_att_srv.o(.rodata.exec_fn_table_a_full)
 <LI><a href="#[7a]">GAT_att_srv_find_info_exc</a> from gat_att_srv.o(.text.GAT_att_srv_find_info_exc) referenced from gat_att_srv.o(.rodata.exec_fn_table_a_full)
 <LI><a href="#[80]">GAT_att_srv_prep_wr_exc</a> from gat_att_srv.o(.text.GAT_att_srv_prep_wr_exc) referenced from gat_att_srv.o(.rodata.exec_fn_table_a_full)
 <LI><a href="#[6c]">GAT_att_srv_process_rx_pckt_tsk_ucfg</a> from ble_stack_user_cfg.o(.text.GAT_att_srv_process_rx_pckt_tsk_ucfg) referenced from stacklib_tasks.o(.rodata.TSK_pfunc)
 <LI><a href="#[7c]">GAT_att_srv_read_by_type_exc</a> from gat_att_srv.o(.text.GAT_att_srv_read_by_type_exc) referenced 2 times from gat_att_srv.o(.rodata.exec_fn_table_a_full)
 <LI><a href="#[7d]">GAT_att_srv_read_exc</a> from gat_att_srv.o(.text.GAT_att_srv_read_exc) referenced 2 times from gat_att_srv.o(.rodata.exec_fn_table_a_full)
 <LI><a href="#[7e]">GAT_att_srv_read_multi_exc</a> from gat_att_srv.o(.text.GAT_att_srv_read_multi_exc) referenced 2 times from gat_att_srv.o(.rodata.exec_fn_table_a_full)
 <LI><a href="#[7f]">GAT_att_srv_write_exc</a> from gat_att_srv.o(.text.GAT_att_srv_write_exc) referenced 3 times from gat_att_srv.o(.rodata.exec_fn_table_a_full)
 <LI><a href="#[0]">GAT_clt_exec_empty</a> from gat_clt.o(.text.GAT_clt_exec_empty) referenced 2 times from gat_clt.o(.data.exec_fn_p)
 <LI><a href="#[6f]">GAT_clt_proc_exec_tsk</a> from gat_clt.o(.text.GAT_clt_proc_exec_tsk) referenced from stacklib_tasks.o(.rodata.TSK_pfunc)
 <LI><a href="#[2f]">GAT_srv_aes_cmac_append</a> from gat_srv.o(.text.GAT_srv_aes_cmac_append) referenced from gat_srv.o(.text.GAT_srv_db_hash_tsk)
 <LI><a href="#[6d]">GAT_srv_db_hash_tsk_ucfg</a> from ble_stack_user_cfg.o(.text.GAT_srv_db_hash_tsk_ucfg) referenced from stacklib_tasks.o(.rodata.TSK_pfunc)
 <LI><a href="#[6e]">GAT_srv_send_srv_change_tsk_ucfg</a> from ble_stack_user_cfg.o(.text.GAT_srv_send_srv_change_tsk_ucfg) referenced from stacklib_tasks.o(.rodata.TSK_pfunc)
 <LI><a href="#[30]">GAT_srv_tx_service_change</a> from gat_srv.o(.text.GAT_srv_tx_service_change) referenced from gat_srv.o(.text.GAT_srv_send_srv_change_tsk)
 <LI><a href="#[13]">GPIOA_IRQHandler</a> from startup_stm32wb09.o(.text) referenced from startup_stm32wb09.o(RESET)
 <LI><a href="#[14]">GPIOB_IRQHandler</a> from startup_stm32wb09.o(.text) referenced from startup_stm32wb09.o(RESET)
 <LI><a href="#[38]">HAL_Generate_Random_Bytes_To</a> from bluenrgx_rng.o(.text.HAL_Generate_Random_Bytes_To) referenced from device_id_data.o(.text.IDD_Initialize_Device_IDs)
 <LI><a href="#[37]">HW_PKA_WriteOperand</a> from hw_pka.o(.text.HW_PKA_WriteOperand) referenced from hw_pka.o(.text.HW_PKA_P256_StartPointCheck)
 <LI><a href="#[36]">HW_PKA_WriteSingleInput</a> from hw_pka.o(.text.HW_PKA_WriteSingleInput) referenced from hw_pka.o(.text.HW_PKA_P256_StartEccScalarMul)
 <LI><a href="#[48]">Hal_Get_Random_Number32</a> from bluenrgx_rng.o(.text.Hal_Get_Random_Number32) referenced 2 times from ll_cpf_encryption.o(.text.LL_encryption)
 <LI><a href="#[4]">HardFault_Handler</a> from stm32wb0x_it.o(.text.HardFault_Handler) referenced from startup_stm32wb09.o(RESET)
 <LI><a href="#[b]">I2C1_IRQHandler</a> from startup_stm32wb09.o(.text) referenced from startup_stm32wb09.o(RESET)
 <LI><a href="#[75]">LLC_authenticated_payload_timeout_processing_ucfg</a> from ble_stack_user_cfg.o(.text.LLC_authenticated_payload_timeout_processing_ucfg) referenced from stacklib_tasks.o(.rodata.TSK_pfunc)
 <LI><a href="#[44]">LLC_le_ping</a> from ll_cpf_le_ping.o(.text.LLC_le_ping) referenced from ll_cpe.o(.text.LL_cpe_init)
 <LI><a href="#[74]">LLC_offline_control_procedures_processing_ucfg</a> from ble_stack_user_cfg.o(.text.LLC_offline_control_procedures_processing_ucfg) referenced from stacklib_tasks.o(.rodata.TSK_pfunc)
 <LI><a href="#[45]">LL_channel_map_update</a> from ll_cpf_channel_map_update.o(.text.LL_channel_map_update) referenced from ll_cpe.o(.text.LL_cpe_init_chmap_update)
 <LI><a href="#[41]">LL_cpe_register_cpf</a> from ll_cpe.o(.text.LL_cpe_register_cpf) referenced from ll_cpe.o(.text.LL_cpe_init)
 <LI><a href="#[77]">LL_cpf_cis_processing_ucfg</a> from ll_cpf_cis.o(.text.LL_cpf_cis_processing_ucfg_weak) referenced from stacklib_tasks.o(.rodata.TSK_pfunc)
 <LI><a href="#[46]">LL_cpf_conn_upd</a> from ll_cpf_connection_update.o(.text.LL_cpf_conn_upd) referenced from ll_cpe.o(.text.LL_cpe_init_conn_update)
 <LI><a href="#[40]">LL_encryption</a> from ll_cpf_encryption.o(.text.LL_encryption) referenced from ll_cpe.o(.text.LL_cpe_init)
 <LI><a href="#[42]">LL_feature_exchange</a> from ll_cpf_feature_exchange.o(.text.LL_feature_exchange) referenced from ll_cpe.o(.text.LL_cpe_init)
 <LI><a href="#[5d]">LL_sched_enable_taskslot</a> from ll_scheduler.o(.text.LL_sched_enable_taskslot) referenced from llc_connect_sap.o(.text.llc_conn_go_to_connect)
 <LI><a href="#[5c]">LL_sched_set_params</a> from ll_scheduler.o(.text.LL_sched_set_params) referenced from llc_connect_sap.o(.text.llc_conn_go_to_connect)
 <LI><a href="#[43]">LL_version_exchange</a> from ll_cpf_version_exchange.o(.text.LL_version_exchange) referenced from ll_cpe.o(.text.LL_cpe_init)
 <LI><a href="#[e]">LPUART1_IRQHandler</a> from startup_stm32wb09.o(.text) referenced from startup_stm32wb09.o(RESET)
 <LI><a href="#[4b]">MY_SVC_EventHandler</a> from my_svc.o(.text.MY_SVC_EventHandler) referenced from my_svc.o(.text.MY_SVC_Init)
 <LI><a href="#[3]">NMI_Handler</a> from stm32wb0x_it.o(.text.NMI_Handler) referenced from startup_stm32wb09.o(RESET)
 <LI><a href="#[25]">NVM_Process</a> from app_ble.o(.text.NVM_Process) referenced from app_ble.o(.text.APP_BLE_Init)
 <LI><a href="#[12]">PKA_IRQHandler</a> from startup_stm32wb09.o(.text) referenced from startup_stm32wb09.o(RESET)
 <LI><a href="#[a]">PVD_IRQHandler</a> from startup_stm32wb09.o(.text) referenced from startup_stm32wb09.o(RESET)
 <LI><a href="#[6]">PendSV_Handler</a> from stm32wb0x_it.o(.text.PendSV_Handler) referenced from startup_stm32wb09.o(RESET)
 <LI><a href="#[18]">RADIO_TIMER_CPU_WKUP_IRQHandler</a> from stm32wb0x_it.o(.text.RADIO_TIMER_CPU_WKUP_IRQHandler) referenced from startup_stm32wb09.o(RESET)
 <LI><a href="#[17]">RADIO_TIMER_ERROR_IRQHandler</a> from stm32wb0x_it.o(.text.RADIO_TIMER_ERROR_IRQHandler) referenced from startup_stm32wb09.o(RESET)
 <LI><a href="#[19]">RADIO_TIMER_TXRX_WKUP_IRQHandler</a> from startup_stm32wb09.o(.text) referenced from startup_stm32wb09.o(RESET)
 <LI><a href="#[16]">RADIO_TXRX_IRQHandler</a> from stm32wb0x_it.o(.text.RADIO_TXRX_IRQHandler) referenced from startup_stm32wb09.o(RESET)
 <LI><a href="#[1a]">RADIO_TXRX_SEQ_IRQHandler</a> from stm32wb0x_it.o(.text.RADIO_TXRX_SEQ_IRQHandler) referenced from startup_stm32wb09.o(RESET)
 <LI><a href="#[9]">RCC_IRQHandler</a> from startup_stm32wb09.o(.text) referenced from startup_stm32wb09.o(RESET)
 <LI><a href="#[10]">RTC_IRQHandler</a> from startup_stm32wb09.o(.text) referenced from startup_stm32wb09.o(RESET)
 <LI><a href="#[2]">Reset_Handler</a> from startup_stm32wb09.o(.text) referenced from startup_stm32wb09.o(RESET)
 <LI><a href="#[c]">SPI3_IRQHandler</a> from startup_stm32wb09.o(.text) referenced from startup_stm32wb09.o(RESET)
 <LI><a href="#[5]">SVC_Handler</a> from stm32wb0x_it.o(.text.SVC_Handler) referenced from startup_stm32wb09.o(RESET)
 <LI><a href="#[7]">SysTick_Handler</a> from stm32wb0x_it.o(.text.SysTick_Handler) referenced from startup_stm32wb09.o(RESET)
 <LI><a href="#[1e]">SystemInit</a> from system_stm32wb0x.o(.text.SystemInit) referenced from startup_stm32wb09.o(.text)
 <LI><a href="#[1b]">TIM16_IRQHandler</a> from startup_stm32wb09.o(.text) referenced from startup_stm32wb09.o(RESET)
 <LI><a href="#[1c]">TIM17_IRQHandler</a> from startup_stm32wb09.o(.text) referenced from startup_stm32wb09.o(RESET)
 <LI><a href="#[f]">TIM2_IRQHandler</a> from startup_stm32wb09.o(.text) referenced from startup_stm32wb09.o(RESET)
 <LI><a href="#[1d]">TRNG_IRQHandler</a> from startup_stm32wb09.o(.text) referenced from startup_stm32wb09.o(RESET)
 <LI><a href="#[33]">UART_DMAAbortOnError</a> from stm32wb0x_hal_uart.o(.text.UART_DMAAbortOnError) referenced from stm32wb0x_hal_uart.o(.text.HAL_UART_IRQHandler)
 <LI><a href="#[d]">USART1_IRQHandler</a> from stm32wb0x_it.o(.text.USART1_IRQHandler) referenced from startup_stm32wb09.o(RESET)
 <LI><a href="#[23]">UTIL_SEQ_RegTask</a> from stm32_seq.o(.text.UTIL_SEQ_RegTask) referenced from app_ble.o(.text.APP_BLE_Init)
 <LI><a href="#[24]">VTimer_Process</a> from app_ble.o(.text.VTimer_Process) referenced from app_ble.o(.text.APP_BLE_Init)
 <LI><a href="#[52]">__2printf</a> from __2printf.o(.text) referenced from app_ble.o(.text.connection_complete_event)
 <LI><a href="#[1f]">__main</a> from __main.o(!!!main) referenced from startup_stm32wb09.o(.text)
 <LI><a href="#[32]">_calibration_callback</a> from stm32wb0x_hal_radio_timer.o(.text._calibration_callback) referenced from stm32wb0x_hal_radio_timer.o(.text.HAL_RADIO_TIMER_Init)
 <LI><a href="#[20]">_printf_input_char</a> from _printf_char_common.o(.text) referenced from _printf_char_common.o(.text)
 <LI><a href="#[4c]">aci_att_srv_prepare_write_req_event_cb</a> from events_gatt.o(.text.aci_att_srv_prepare_write_req_event_cb) referenced from events_gatt.o(.text.aci_att_srv_prepare_write_req_event_push_noinline)
 <LI><a href="#[4d]">aci_gatt_clt_indication_event_cb</a> from events_gatt.o(.text.aci_gatt_clt_indication_event_cb) referenced from events_gatt.o(.text.aci_gatt_clt_indication_event_push_noinline)
 <LI><a href="#[4e]">aci_gatt_clt_multi_notification_int_event_cb</a> from events_gatt.o(.text.aci_gatt_clt_multi_notification_int_event_cb) referenced from events_gatt.o(.text.aci_gatt_clt_multi_notification_int_event_push_noinline)
 <LI><a href="#[4f]">aci_gatt_clt_notification_event_cb</a> from events_gatt.o(.text.aci_gatt_clt_notification_event_cb) referenced from events_gatt.o(.text.aci_gatt_clt_notification_event_push_noinline)
 <LI><a href="#[50]">aci_gatt_srv_write_event_cb</a> from events_gatt.o(.text.aci_gatt_srv_write_event_cb) referenced from events_gatt.o(.text.aci_gatt_srv_write_event_push_noinline)
 <LI><a href="#[3a]">aci_l2cap_proc_timeout_event_cb</a> from events_l2cap.o(.text.aci_l2cap_proc_timeout_event_cb) referenced from l2c_main.o(.text.L2C_timeout_handler_signalling)
 <LI><a href="#[47]">char_copy</a> from stacklib_utils.o(.text.char_copy) referenced 2 times from ll_cpf_encryption.o(.text.LL_encryption)
 <LI><a href="#[60]">copy_swap_buffer</a> from stacklib_utils.o(.text.copy_swap_buffer) referenced from smp_crypto_toolbox.o(.text.smp_crt_g2_generate_num_comp_val)
 <LI><a href="#[27]">csmem_mem_0_assign</a> from mem_alloc.o(.text.csmem_mem_0_assign) referenced from events.o(.text.Events_Process_init)
 <LI><a href="#[27]">csmem_mem_0_assign</a> from mem_alloc.o(.text.csmem_mem_0_assign) referenced from ll_routines.o(.text.LL_init_ucfg_weak)
 <LI><a href="#[27]">csmem_mem_0_assign</a> from mem_alloc.o(.text.csmem_mem_0_assign) referenced from llc_connect_mem_alloc.o(.text.llc_conn_mem_allocate)
 <LI><a href="#[27]">csmem_mem_0_assign</a> from mem_alloc.o(.text.csmem_mem_0_assign) referenced from smp_main.o(.text.smp_init)
 <LI><a href="#[4a]">csmem_mem_assign</a> from mem_alloc.o(.text.csmem_mem_assign) referenced from mbm.o(.text.MBM_init)
 <LI><a href="#[21]">fputc</a> from fputc.o(i.fputc) referenced from _printf_char_file.o(.text)
 <LI><a href="#[53]">gap_timers_callback</a> from gap_common.o(.text.gap_timers_callback) referenced from gap_common.o(.text.gap_timers_callback_wrapper)
 <LI><a href="#[28]">gap_timers_callback_wrapper</a> from gap_common.o(.text.gap_timers_callback_wrapper) referenced from gap_common.o(.text.GAP_init_context)
 <LI><a href="#[84]">hci_acl_data_ind_event_int_cb_ucfg</a> from ble_stack_user_cfg.o(.text.hci_acl_data_ind_event_int_cb_ucfg) referenced from events_int.o(.rodata.int_evnt_callback_pfunc)
 <LI><a href="#[83]">hci_acl_data_tx_cmpl_event_int_cb_ucfg</a> from ble_stack_user_cfg.o(.text.hci_acl_data_tx_cmpl_event_int_cb_ucfg) referenced from events_int.o(.rodata.int_evnt_callback_pfunc)
 <LI><a href="#[88]">hci_disconnection_complete_event_int_cb_ucfg</a> from ble_stack_user_cfg.o(.text.hci_disconnection_complete_event_int_cb_ucfg) referenced from events_int.o(.rodata.int_evnt_callback_pfunc)
 <LI><a href="#[89]">hci_encryption_change_event_int_cb_ucfg</a> from ble_stack_user_cfg.o(.text.hci_encryption_change_event_int_cb_ucfg) referenced from events_int.o(.rodata.int_evnt_callback_pfunc)
 <LI><a href="#[8a]">hci_encryption_key_refresh_complete_event_int_cb_ucfg</a> from ble_stack_user_cfg.o(.text.hci_encryption_key_refresh_complete_event_int_cb_ucfg) referenced from events_int.o(.rodata.int_evnt_callback_pfunc)
 <LI><a href="#[8c]">hci_le_advertising_report_event_int_cb_ucfg</a> from events.o(.text.hci_le_advertising_report_event_int_cb_ucfg_weak) referenced from events_int.o(.rodata.int_evnt_callback_pfunc)
 <LI><a href="#[94]">hci_le_advertising_set_terminated_event_int_cb_ucfg</a> from events.o(.text.hci_le_advertising_set_terminated_event_int_cb_ucfg_weak) referenced from events_int.o(.rodata.int_evnt_callback_pfunc)
 <LI><a href="#[8b]">hci_le_connection_complete_event_int_cb_ucfg</a> from ble_stack_user_cfg.o(.text.hci_le_connection_complete_event_int_cb_ucfg) referenced from events_int.o(.rodata.int_evnt_callback_pfunc)
 <LI><a href="#[91]">hci_le_directed_advertising_report_event_int_cb_ucfg</a> from events.o(.text.hci_le_directed_advertising_report_event_int_cb_ucfg_weak) referenced from events_int.o(.rodata.int_evnt_callback_pfunc)
 <LI><a href="#[90]">hci_le_enhanced_connection_complete_event_int_cb_ucfg</a> from ble_stack_user_cfg.o(.text.hci_le_enhanced_connection_complete_event_int_cb_ucfg) referenced from events_int.o(.rodata.int_evnt_callback_pfunc)
 <LI><a href="#[95]">hci_le_enhanced_connection_complete_v2_event_int_cb_ucfg</a> from events.o(.text.hci_le_enhanced_connection_complete_v2_event_int_cb_ucfg_weak) referenced from events_int.o(.rodata.int_evnt_callback_pfunc)
 <LI><a href="#[92]">hci_le_extended_advertising_report_event_int_cb_ucfg</a> from events.o(.text.hci_le_extended_advertising_report_event_int_cb_ucfg_weak) referenced from events_int.o(.rodata.int_evnt_callback_pfunc)
 <LI><a href="#[54]">hci_le_generate_dhkey_cb</a> from hci_encryption_pka.o(.text.hci_le_generate_dhkey_cb) referenced from hci_encryption_pka.o(.text.hci_le_generate_dhkey_api)
 <LI><a href="#[8f]">hci_le_generate_dhkey_complete_event_int_cb_ucfg</a> from ble_stack_user_cfg.o(.text.hci_le_generate_dhkey_complete_event_int_cb_ucfg) referenced from events_int.o(.rodata.int_evnt_callback_pfunc)
 <LI><a href="#[8d]">hci_le_long_term_key_request_event_int_cb_ucfg</a> from ble_stack_user_cfg.o(.text.hci_le_long_term_key_request_event_int_cb_ucfg) referenced from events_int.o(.rodata.int_evnt_callback_pfunc)
 <LI><a href="#[55]">hci_le_read_local_p256_public_key_cb</a> from hci_encryption_pka.o(.text.hci_le_read_local_p256_public_key_cb) referenced from hci_encryption_pka.o(.text.hci_le_read_local_p256_public_key_api)
 <LI><a href="#[8e]">hci_le_read_local_p256_public_key_complete_event_int_cb_ucfg</a> from ble_stack_user_cfg.o(.text.hci_le_read_local_p256_public_key_complete_event_int_cb_ucfg) referenced from events_int.o(.rodata.int_evnt_callback_pfunc)
 <LI><a href="#[93]">hci_le_scan_timeout_event_int_cb_ucfg</a> from events.o(.text.hci_le_scan_timeout_event_int_cb_ucfg_weak) referenced from events_int.o(.rodata.int_evnt_callback_pfunc)
 <LI><a href="#[56]">hci_number_of_completed_packets_event_cb</a> from events_hci.o(.text.hci_number_of_completed_packets_event_cb) referenced from events_hci.o(.text.hci_number_of_completed_packets_event_push_noinline)
 <LI><a href="#[85]">iso_rx_bn_pdu_event_int_cb_ucfg</a> from llc_isoal_rx.o(.text.iso_rx_bn_pdu_event_int_cb_ucfg_weak) referenced from events_int.o(.rodata.int_evnt_callback_pfunc)
 <LI><a href="#[87]">iso_terminate_event_int_cb_ucfg</a> from llc_isoal_sap.o(.text.iso_terminate_event_int_cb_ucfg_weak) referenced from events_int.o(.rodata.int_evnt_callback_pfunc)
 <LI><a href="#[86]">iso_tx_bn_pdu_event_int_cb_ucfg</a> from llc_isoal_tx.o(.text.iso_tx_bn_pdu_event_int_cb_ucfg_weak) referenced from events_int.o(.rodata.int_evnt_callback_pfunc)
 <LI><a href="#[64]">l2c_cos_process_pending_actions_tsk_ucfg</a> from l2c_cos_cmn.o(.text.l2c_cos_process_pending_actions_tsk_ucfg_weak) referenced from stacklib_tasks.o(.rodata.TSK_pfunc)
 <LI><a href="#[65]">l2c_cos_sdu_reassembly_tsk_ucfg</a> from l2c_cos_hndl_sdu_rx_reassembly.o(.text.l2c_cos_sdu_reassembly_tsk_ucfg_weak) referenced from stacklib_tasks.o(.rodata.TSK_pfunc)
 <LI><a href="#[67]">l2c_cos_sdu_segmentation_tsk_ucfg</a> from l2c_cos_hndl_sdu_tx_segmentation.o(.text.l2c_cos_sdu_segmentation_tsk_ucfg_weak) referenced from stacklib_tasks.o(.rodata.TSK_pfunc)
 <LI><a href="#[66]">l2c_cos_transmit_pdu_packets_tsk_ucfg</a> from l2c_cos_hndl_sdu_tx_segmentation.o(.text.l2c_cos_transmit_pdu_packets_tsk_ucfg_weak) referenced from stacklib_tasks.o(.rodata.TSK_pfunc)
 <LI><a href="#[57]">l2cap_timers_callback</a> from l2c_main.o(.text.l2cap_timers_callback) referenced from l2c_main.o(.text.l2cap_timers_callback_wrapper)
 <LI><a href="#[39]">l2cap_timers_callback_wrapper</a> from l2c_main.o(.text.l2cap_timers_callback_wrapper) referenced from l2c_main.o(.text.L2C_init)
 <LI><a href="#[58]">llc_conn_cancel_slot</a> from llc_connect_callback.o(.text.llc_conn_cancel_slot) referenced from llc_connect_sap.o(.text.llc_conn_go_to_connect)
 <LI><a href="#[59]">llc_conn_isr</a> from llc_connect_isr.o(.text.llc_conn_isr) referenced from llc_connect_sap.o(.text.llc_conn_go_to_connect)
 <LI><a href="#[76]">llc_conn_peripheral_latency_cancellation_tsk_ucfg</a> from ble_stack_user_cfg.o(.text.llc_conn_peripheral_latency_cancellation_tsk_ucfg) referenced from stacklib_tasks.o(.rodata.TSK_pfunc)
 <LI><a href="#[5a]">llc_conn_program_slot</a> from llc_connect_callback.o(.text.llc_conn_program_slot) referenced from llc_connect_sap.o(.text.llc_conn_go_to_connect)
 <LI><a href="#[5b]">llc_conn_skip_slot</a> from llc_connect_callback.o(.text.llc_conn_skip_slot) referenced from llc_connect_sap.o(.text.llc_conn_go_to_connect)
 <LI><a href="#[3b]">llc_padv_periodic_adv_sync_csr_ucfg</a> from llc_padv_sap.o(.text.llc_padv_periodic_adv_sync_csr_ucfg_weak) referenced from ll_cpf_feature_exchange.o(.text.LL_Get_Supported_Features)
 <LI><a href="#[73]">llc_priv_offline_rpa_resolution_ucfg</a> from llc_privacy_sap.o(.text.llc_priv_offline_rpa_resolution_ucfg_weak) referenced from stacklib_tasks.o(.rodata.TSK_pfunc)
 <LI><a href="#[26]">llc_pscan_isr_ucfg</a> from llc_pscan_isr.o(.text.llc_pscan_isr_ucfg_weak) referenced from ll_isr.o(.text.BLE_STACK_RadioHandler)
 <LI><a href="#[5e]">llc_timers_callback</a> from ll_routines.o(.text.llc_timers_callback) referenced from ll_routines.o(.text.llc_timers_callback_wrapper)
 <LI><a href="#[49]">llc_timers_callback_wrapper</a> from ll_routines.o(.text.llc_timers_callback_wrapper) referenced from ll_routines.o(.text.LL_init)
 <LI><a href="#[71]">smp_fsm_process_actions_wrt_state_tsk_ucfg</a> from ble_stack_user_cfg.o(.text.smp_fsm_process_actions_wrt_state_tsk_ucfg) referenced from stacklib_tasks.o(.rodata.TSK_pfunc)
 <LI><a href="#[70]">smp_pka_process_ecc_computation_tsk_ucfg</a> from ble_stack_user_cfg.o(.text.smp_pka_process_ecc_computation_tsk_ucfg) referenced from stacklib_tasks.o(.rodata.TSK_pfunc)
 <LI><a href="#[72]">smp_rxp_process_rxed_packets_tsk_ucfg</a> from ble_stack_user_cfg.o(.text.smp_rxp_process_rxed_packets_tsk_ucfg) referenced from stacklib_tasks.o(.rodata.TSK_pfunc)
 <LI><a href="#[62]">smp_timers_cb</a> from smp_hndl_timers.o(.text.smp_timers_cb) referenced from smp_hndl_timers.o(.text.smp_timers_cb_wrapper)
 <LI><a href="#[61]">smp_timers_cb_wrapper</a> from smp_hndl_timers.o(.text.smp_timers_cb_wrapper) referenced from smp_hndl_timers.o(.text.smp_timer_init)
</UL>
<P>
<H3>
Global Symbols
</H3>
<P><STRONG><a name="[1f]"></a>__main</STRONG> (Thumb, 8 bytes, Stack size 0 bytes, __main.o(!!!main))
<BR><BR>[Calls]<UL><LI><a href="#[97]">&gt;&gt;</a>&nbsp;&nbsp;&nbsp;__rt_entry
<LI><a href="#[96]">&gt;&gt;</a>&nbsp;&nbsp;&nbsp;__scatterload
</UL>
<BR>[Address Reference Count : 1]<UL><LI> startup_stm32wb09.o(.text)
</UL>
<P><STRONG><a name="[96]"></a>__scatterload</STRONG> (Thumb, 0 bytes, Stack size unknown bytes, __scatter.o(!!!scatter))
<BR><BR>[Called By]<UL><LI><a href="#[1f]">&gt;&gt;</a>&nbsp;&nbsp;&nbsp;__main
</UL>

<P><STRONG><a name="[98]"></a>__scatterload_rt2</STRONG> (Thumb, 74 bytes, Stack size unknown bytes, __scatter.o(!!!scatter), UNUSED)
<BR><BR>[Calls]<UL><LI><a href="#[97]">&gt;&gt;</a>&nbsp;&nbsp;&nbsp;__rt_entry
</UL>

[...]
</UL>
<BR>[Called By]<UL><LI><a href="#[22a]">&gt;&gt;</a>&nbsp;&nbsp;&nbsp;GAT_att_db_get_last_group_handle
</UL>

<P><STRONG><a name="[25e]"></a>GAT_srv_db_update_allowed</STRONG> (Thumb, 30 bytes, Stack size unknown bytes, gat_srv_api.o(.text.GAT_srv_db_update_allowed))
<BR><BR>[Calls]<UL><LI><a href="#[242]">&gt;&gt;</a>&nbsp;&nbsp;&nbsp;GAT_att_srv_flush_user_pending_list
<LI><a href="#[252]">&gt;&gt;</a>&nbsp;&nbsp;&nbsp;GAT_att_srv_request_user_pending
<LI><a href="#[235]">&gt;&gt;</a>&nbsp;&nbsp;&nbsp;GAT_att_srv_confirmation_pending
</UL>
<BR>[Called By]<UL><LI><a href="#[25d]">&gt;&gt;</a>&nbsp;&nbsp;&nbsp;GAT_srv_add_char_descriptor
<LI><a href="#[261]">&gt;&gt;</a>&nbsp;&nbsp;&nbsp;GAT_srv_rm_characteristic
<LI><a href="#[260]">&gt;&gt;</a>&nbsp;&nbsp;&nbsp;GAT_srv_add_characteristic
<LI><a href="#[264]">&gt;&gt;</a>&nbsp;&nbsp;&nbsp;GAT_srv_rm_service
<LI><a href="#[262]">&gt;&gt;</a>&nbsp;&nbsp;&nbsp;GAT_srv_add_service
</UL>

<P><STRONG><a name="[25f]"></a>GAT_srv_check_group_size</STRONG> (Thumb, 50 bytes, Stack size unknown bytes, gat_srv_api.o(.text.GAT_srv_check_group_size))
<BR><BR>[Calls]<UL><LI><a href="#[23e]">&gt;&gt;</a>&nbsp;&nbsp;&nbsp;GAT_srv_get_att_group_end_handle
<LI><a href="#[263]">&gt;&gt;</a>&nbsp;&nbsp;&nbsp;GAT_att_db_find_last_attr_of_type
</UL>
<BR>[Called By]<UL><LI><a href="#[25d]">&gt;&gt;</a>&nbsp;&nbsp;&nbsp;GAT_srv_add_char_descriptor
<LI><a href="#[260]">&gt;&gt;</a>&nbsp;&nbsp;&nbsp;GAT_srv_add_characteristic
</UL>

<P><STRONG><a name="[434]"></a>llc_conn_close_event</STRONG> (Thumb, 236 bytes, Stack size unknown bytes, llc_connect_isr.o(.text.llc_conn_close_event))
<BR><BR>[Stack]<UL><LI>Max Depth = 16 + Unknown Stack Size
<LI>Call Chain = llc_conn_close_event &rArr; llc_conn_check_instant_and_set_params &rArr; BLEPLAT_CNTR_SmSetChannelMap
</UL>
<BR>[Calls]<UL><LI><a href="#[241]">&gt;&gt;</a>&nbsp;&nbsp;&nbsp;ACL_list_remove
<LI><a href="#[10c]">&gt;&gt;</a>&nbsp;&nbsp;&nbsp;ACL_pkt_release
<LI><a href="#[436]">&gt;&gt;</a>&nbsp;&nbsp;&nbsp;llc_conn_enhanced_get_latency
<LI><a href="#[43a]">&gt;&gt;</a>&nbsp;&nbsp;&nbsp;llc_conn_set_taskslot_params
<LI><a href="#[43b]">&gt;&gt;</a>&nbsp;&nbsp;&nbsp;LL_sched_delete_taskslot
<LI><a href="#[439]">&gt;&gt;</a>&nbsp;&nbsp;&nbsp;llc_conn_check_supervision_timer
<LI><a href="#[42c]">&gt;&gt;</a>&nbsp;&nbsp;&nbsp;llc_conn_check_instant_and_set_params
<LI><a href="#[42b]">&gt;&gt;</a>&nbsp;&nbsp;&nbsp;llc_conn_check_ctrl_proc_rsp_timer
<LI><a href="#[437]">&gt;&gt;</a>&nbsp;&nbsp;&nbsp;llc_conn_calc_skip_ucfg
<LI><a href="#[435]">&gt;&gt;</a>&nbsp;&nbsp;&nbsp;llc_subrate_update_cont_counter_ucfg
<LI><a href="#[438]">&gt;&gt;</a>&nbsp;&nbsp;&nbsp;llc_subrate_new_sr_base_event_ucfg
</UL>
<BR>[Called By]<UL><LI><a href="#[59]">&gt;&gt;</a>&nbsp;&nbsp;&nbsp;llc_conn_isr
</UL>

<P><STRONG><a name="[43e]"></a>llc_conn_decrement_enc_count_rx</STRONG> (Thumb, 36 bytes, Stack size unknown bytes, llc_connect_isr.o(.text.llc_conn_decrement_enc_count_rx))
<BR><BR>[Stack]<UL><LI>Max Depth = 8 + Unknown Stack Size
<LI>Call Chain = llc_conn_decrement_enc_count_rx &rArr; BLEPLAT_CNTR_SmSetRxCount
</UL>
<BR>[Calls]<UL><LI><a href="#[440]">&gt;&gt;</a>&nbsp;&nbsp;&nbsp;BLEPLAT_CNTR_SmSetRxCount
<LI><a href="#[43f]">&gt;&gt;</a>&nbsp;&nbsp;&nbsp;BLEPLAT_CNTR_SmGetRxCount
</UL>
<BR>[Called By]<UL><LI><a href="#[59]">&gt;&gt;</a>&nbsp;&nbsp;&nbsp;llc_conn_isr
</UL>

<P><STRONG><a name="[48b]"></a>llc_mngm_csa2_select_channel</STRONG> (Thumb, 192 bytes, Stack size unknown bytes, llc_csa2.o(.text.llc_mngm_csa2_select_channel))
<BR><BR>[Calls]<UL><LI><a href="#[47e]">&gt;&gt;</a>&nbsp;&nbsp;&nbsp;llc_mngm_mod_37
<LI><a href="#[48d]">&gt;&gt;</a>&nbsp;&nbsp;&nbsp;llc_mngm_csa2_select_subevent_channel_ucfg
<LI><a href="#[48c]">&gt;&gt;</a>&nbsp;&nbsp;&nbsp;llc_mngm_csa2_permutation
</UL>
<BR>[Called By]<UL><LI><a href="#[443]">&gt;&gt;</a>&nbsp;&nbsp;&nbsp;llc_mngm_csa2_select_channel_for_task
</UL>

<P><STRONG><a name="[48c]"></a>llc_mngm_csa2_permutation</STRONG> (Thumb, 44 bytes, Stack size unknown bytes, llc_csa2.o(.text.llc_mngm_csa2_permutation))
<BR><BR>[Called By]<UL><LI><a href="#[48b]">&gt;&gt;</a>&nbsp;&nbsp;&nbsp;llc_mngm_csa2_select_channel
</UL>

<P><STRONG><a name="[359]"></a>llc_conn_upd_params_check</STRONG> (Thumb, 74 bytes, Stack size unknown bytes, ll_cpf_connection_update.o(.text.llc_conn_upd_params_check))
<BR><BR>[Called By]<UL><LI><a href="#[46]">&gt;&gt;</a>&nbsp;&nbsp;&nbsp;LL_cpf_conn_upd
</UL>

<P><STRONG><a name="[379]"></a>le4ByteToInt32</STRONG> (Thumb, 22 bytes, Stack size unknown bytes, ll_cpf_encryption.o(.text.le4ByteToInt32))
<BR><BR>[Called By]<UL><LI><a href="#[40]">&gt;&gt;</a>&nbsp;&nbsp;&nbsp;LL_encryption
</UL>

<P><STRONG><a name="[37b]"></a>hci_encryption_key_refresh_complete_event_push</STRONG> (Thumb, 92 bytes, Stack size unknown bytes, ll_cpf_encryption.o(.text.hci_encryption_key_refresh_complete_event_push))
<BR><BR>[Stack]<UL><LI>Max Depth = 216 + Unknown Stack Size
<LI>Call Chain = hci_encryption_key_refresh_complete_event_push &rArr; aci_event_fifo_push &rArr; event_notify_cb &rArr; hci_aci_event_notify_cb &rArr; BLE_STACK_Event &rArr; BLEEVT_App_Notification &rArr; aci_gap_numeric_comparison_value_confirm_yesno &rArr; aci_gap_numeric_comparison_value_confirm_yesno_api &rArr; smp_sap_aci_scp_numeric_comparison_response &rArr; smp_pp3_pairing_failed_send &rArr; smp_dep_l2c_send_acl_short_pdu &rArr; L2C_send_frame &rArr; Acl_Transmit_Data &rArr; llc_conn_send_acl_data &rArr; llc_conn_peripheral_latency &rArr; llc_conn_peripheral_latency_cancellation &rArr; LL_sched_engine &rArr; BLEPLAT_SetRadioTimerValue &rArr; HAL_RADIO_TIMER_SetRadioTimerValue &rArr; _virtualTimeBaseEnable &rArr; HAL_RADIO_TIMER_StopVirtualTimer &rArr; _update_user_timeout &rArr; HAL_RADIO_TIMER_GetCurrentSysTime &rArr; _get_system_time_and_machine
</UL>
<BR>[Calls]<UL><LI><a href="#[142]">&gt;&gt;</a>&nbsp;&nbsp;&nbsp;aci_event_fifo_push
<LI><a href="#[141]">&gt;&gt;</a>&nbsp;&nbsp;&nbsp;aci_event_fifo_push_header
</UL>
<BR>[Called By]<UL><LI><a href="#[40]">&gt;&gt;</a>&nbsp;&nbsp;&nbsp;LL_encryption
</UL>

<P><STRONG><a name="[37c]"></a>hci_encryption_change_event_push</STRONG> (Thumb, 92 bytes, Stack size unknown bytes, ll_cpf_encryption.o(.text.hci_encryption_change_event_push))
<BR><BR>[Stack]<UL><LI>Max Depth = 216 + Unknown Stack Size
<LI>Call Chain = hci_encryption_change_event_push &rArr; aci_event_fifo_push &rArr; event_notify_cb &rArr; hci_aci_event_notify_cb &rArr; BLE_STACK_Event &rArr; BLEEVT_App_Notification &rArr; aci_gap_numeric_comparison_value_confirm_yesno &rArr; aci_gap_numeric_comparison_value_confirm_yesno_api &rArr; smp_sap_aci_scp_numeric_comparison_response &rArr; smp_pp3_pairing_failed_send &rArr; smp_dep_l2c_send_acl_short_pdu &rArr; L2C_send_frame &rArr; Acl_Transmit_Data &rArr; llc_conn_send_acl_data &rArr; llc_conn_peripheral_latency &rArr; llc_conn_peripheral_latency_cancellation &rArr; LL_sched_engine &rArr; BLEPLAT_SetRadioTimerValue &rArr; HAL_RADIO_TIMER_SetRadioTimerValue &rArr; _virtualTimeBaseEnable &rArr; HAL_RADIO_TIMER_StopVirtualTimer &rArr; _update_user_timeout &rArr; HAL_RADIO_TIMER_GetCurrentSysTime &rArr; _get_system_time_and_machine
</UL>
<BR>[Calls]<UL><LI><a href="#[142]">&gt;&gt;</a>&nbsp;&nbsp;&nbsp;aci_event_fifo_push
<LI><a href="#[141]">&gt;&gt;</a>&nbsp;&nbsp;&nbsp;aci_event_fifo_push_header
</UL>
<BR>[Called By]<UL><LI><a href="#[40]">&gt;&gt;</a>&nbsp;&nbsp;&nbsp;LL_encryption
</UL>

<P><STRONG><a name="[37f]"></a>llc_enc_prepare_reject</STRONG> (Thumb, 38 bytes, Stack size unknown bytes, ll_cpf_encryption.o(.text.llc_enc_prepare_reject))
<BR><BR>[Called By]<UL><LI><a href="#[40]">&gt;&gt;</a>&nbsp;&nbsp;&nbsp;LL_encryption
</UL>

<P><STRONG><a name="[3a5]"></a>hci_read_remote_version_information_complete_event_push</STRONG> (Thumb, 72 bytes, Stack size unknown bytes, ll_cpf_version_exchange.o(.text.hci_read_remote_version_information_complete_event_push))
<BR><BR>[Stack]<UL><LI>Max Depth = 216 + Unknown Stack Size
<LI>Call Chain = hci_read_remote_version_information_complete_event_push &rArr; aci_event_fifo_push &rArr; event_notify_cb &rArr; hci_aci_event_notify_cb &rArr; BLE_STACK_Event &rArr; BLEEVT_App_Notification &rArr; aci_gap_numeric_comparison_value_confirm_yesno &rArr; aci_gap_numeric_comparison_value_confirm_yesno_api &rArr; smp_sap_aci_scp_numeric_comparison_response &rArr; smp_pp3_pairing_failed_send &rArr; smp_dep_l2c_send_acl_short_pdu &rArr; L2C_send_frame &rArr; Acl_Transmit_Data &rArr; llc_conn_send_acl_data &rArr; llc_conn_peripheral_latency &rArr; llc_conn_peripheral_latency_cancellation &rArr; LL_sched_engine &rArr; BLEPLAT_SetRadioTimerValue &rArr; HAL_RADIO_TIMER_SetRadioTimerValue &rArr; _virtualTimeBaseEnable &rArr; HAL_RADIO_TIMER_StopVirtualTimer &rArr; _update_user_timeout &rArr; HAL_RADIO_TIMER_GetCurrentSysTime &rArr; _get_system_time_and_machine
</UL>
<BR>[Calls]<UL><LI><a href="#[420]">&gt;&gt;</a>&nbsp;&nbsp;&nbsp;hci_read_remote_version_information_complete_event_copy
<LI><a href="#[142]">&gt;&gt;</a>&nbsp;&nbsp;&nbsp;aci_event_fifo_push
<LI><a href="#[141]">&gt;&gt;</a>&nbsp;&nbsp;&nbsp;aci_event_fifo_push_header
</UL>
<BR>[Called By]<UL><LI><a href="#[43]">&gt;&gt;</a>&nbsp;&nbsp;&nbsp;LL_version_exchange
</UL>

<P><STRONG><a name="[3cf]"></a>sdb_remove_security_record_by_address</STRONG> (Thumb, 68 bytes, Stack size unknown bytes, sdb.o(.text.sdb_remove_security_record_by_address))
<BR><BR>[Stack]<UL><LI>Max Depth = 2300 + Unknown Stack Size
<LI>Call Chain = sdb_remove_security_record_by_address &rArr; nvm_discard_current_record &rArr; BLEPLAT_NvmDiscard &rArr; NVMDB_Erase &rArr; EraseSmallDB &rArr; LoadDBToRAM &rArr; ReadNextRecordNoLock &rArr; NextRecordNoLock
</UL>
<BR>[Calls]<UL><LI><a href="#[166]">&gt;&gt;</a>&nbsp;&nbsp;&nbsp;BLEPLAT_MemCmp
<LI><a href="#[3cd]">&gt;&gt;</a>&nbsp;&nbsp;&nbsp;nvm_discard_current_record
<LI><a href="#[494]">&gt;&gt;</a>&nbsp;&nbsp;&nbsp;nvm_sec_db_read_next_record
<LI><a href="#[496]">&gt;&gt;</a>&nbsp;&nbsp;&nbsp;nvm_sec_db_read_init
</UL>
<BR>[Called By]<UL><LI><a href="#[498]">&gt;&gt;</a>&nbsp;&nbsp;&nbsp;sdb_sap_del_bonded_device
<LI><a href="#[26e]">&gt;&gt;</a>&nbsp;&nbsp;&nbsp;SDB_sap_write_peer_bonded_gatt_client_data
<LI><a href="#[497]">&gt;&gt;</a>&nbsp;&nbsp;&nbsp;sdb_sap_add_security_record
</UL>

<P><STRONG><a name="[3cb]"></a>sdb_gatt_search_record</STRONG> (Thumb, 52 bytes, Stack size unknown bytes, sdb.o(.text.sdb_gatt_search_record))
<BR><BR>[Stack]<UL><LI>Max Depth = 148 + Unknown Stack Size
<LI>Call Chain = sdb_gatt_search_record &rArr; nvm_gatt_db_read_next_record &rArr; BLEPLAT_NvmGet &rArr; NVMDB_ReadNextRecord &rArr; ReadNextRecordNoLock &rArr; NextRecordNoLock
</UL>
<BR>[Calls]<UL><LI><a href="#[166]">&gt;&gt;</a>&nbsp;&nbsp;&nbsp;BLEPLAT_MemCmp
<LI><a href="#[491]">&gt;&gt;</a>&nbsp;&nbsp;&nbsp;nvm_gatt_db_read_next_record
<LI><a href="#[495]">&gt;&gt;</a>&nbsp;&nbsp;&nbsp;nvm_gatt_db_read_init
</UL>
<BR>[Called By]<UL><LI><a href="#[498]">&gt;&gt;</a>&nbsp;&nbsp;&nbsp;sdb_sap_del_bonded_device
<LI><a href="#[26e]">&gt;&gt;</a>&nbsp;&nbsp;&nbsp;SDB_sap_write_peer_bonded_gatt_client_data
<LI><a href="#[272]">&gt;&gt;</a>&nbsp;&nbsp;&nbsp;SDB_sap_read_peer_bonded_gatt_client_data
</UL>

<P><STRONG><a name="[4a5]"></a>smp_crt_calculate_hash</STRONG> (Thumb, 60 bytes, Stack size unknown bytes, smp_crypto_toolbox.o(.text.smp_crt_calculate_hash))
<BR><BR>[Stack]<UL><LI>Max Depth = 32 + Unknown Stack Size
<LI>Call Chain = smp_crt_calculate_hash &rArr; hci_le_encrypt &rArr; BLEPLAT_aes128_encrypt &rArr; BLEPLAT_AesEcbEncrypt &rArr; HW_AES_Encrypt
</UL>
<BR>[Calls]<UL><LI><a href="#[35]">&gt;&gt;</a>&nbsp;&nbsp;&nbsp;BLEPLAT_MemSet
<LI><a href="#[34]">&gt;&gt;</a>&nbsp;&nbsp;&nbsp;BLEPLAT_MemCpy
<LI><a href="#[40f]">&gt;&gt;</a>&nbsp;&nbsp;&nbsp;hci_le_encrypt
</UL>
<BR>[Called By]<UL><LI><a href="#[1e8]">&gt;&gt;</a>&nbsp;&nbsp;&nbsp;smp_sap_crt_generate_rpa
<LI><a href="#[49a]">&gt;&gt;</a>&nbsp;&nbsp;&nbsp;smp_sap_crt_resolve_rpa
</UL>

<P><STRONG><a name="[4ac]"></a>smp_crt_left_shift</STRONG> (Thumb, 42 bytes, Stack size unknown bytes, smp_crypto_toolbox.o(.text.smp_crt_left_shift))
<BR><BR>[Called By]<UL><LI><a href="#[4ab]">&gt;&gt;</a>&nbsp;&nbsp;&nbsp;smp_crt_generate_cmac_tag
</UL>

<P><STRONG><a name="[4b6]"></a>smp_dep_sdb_copy_bonding_record_data_to_remdev</STRONG> (Thumb, 124 bytes, Stack size unknown bytes, smp_dep_sdb.o(.text.smp_dep_sdb_copy_bonding_record_data_to_remdev))
<BR><BR>[Called By]<UL><LI><a href="#[4b5]">&gt;&gt;</a>&nbsp;&nbsp;&nbsp;smp_dep_sdb_find_bonding_record_by_conn_addr
<LI><a href="#[4b8]">&gt;&gt;</a>&nbsp;&nbsp;&nbsp;smp_dep_sdb_find_matching_ltk_read_record
</UL>

<P><STRONG><a name="[4ea]"></a>smp_pp3_pairing_process_abort</STRONG> (Thumb, 92 bytes, Stack size unknown bytes, smp_hndl_pairing_completion.o(.text.smp_pp3_pairing_process_abort))
<BR><BR>[Stack]<UL><LI>Max Depth = 120 + Unknown Stack Size
<LI>Call Chain = smp_pp3_pairing_process_abort &rArr; smp_timer_reset &rArr; CST_stop &rArr; Timer_TryStartFirstActive &rArr; Timer_StartFirstActive_sysT &rArr; BLEPLAT_StartTimer &rArr; HAL_RADIO_TIMER_StartVirtualTimerSysTime &rArr; _virtualTimeBaseEnable &rArr; HAL_RADIO_TIMER_StopVirtualTimer &rArr; _update_user_timeout &rArr; HAL_RADIO_TIMER_GetCurrentSysTime &rArr; _get_system_time_and_machine
</UL>
<BR>[Calls]<UL><LI><a href="#[35]">&gt;&gt;</a>&nbsp;&nbsp;&nbsp;BLEPLAT_MemSet
<LI><a href="#[4ee]">&gt;&gt;</a>&nbsp;&nbsp;&nbsp;smp_rxp_flush_packet_queues
<LI><a href="#[4a1]">&gt;&gt;</a>&nbsp;&nbsp;&nbsp;smp_timer_reset
<LI><a href="#[4b2]">&gt;&gt;</a>&nbsp;&nbsp;&nbsp;smp_get_remote_device_list_index
<LI><a href="#[4a2]">&gt;&gt;</a>&nbsp;&nbsp;&nbsp;smp_cmn_repeated_attacks_protection_start
<LI><a href="#[3e3]">&gt;&gt;</a>&nbsp;&nbsp;&nbsp;aci_gap_pairing_complete_event_push_noinline
<LI><a href="#[4eb]">&gt;&gt;</a>&nbsp;&nbsp;&nbsp;smp_pp3_pairing_completed_update_stats
</UL>
<BR>[Called By]<UL><LI><a href="#[4ed]">&gt;&gt;</a>&nbsp;&nbsp;&nbsp;smp_pp3_pairing_failed_receive
<LI><a href="#[4c4]">&gt;&gt;</a>&nbsp;&nbsp;&nbsp;smp_pp3_pairing_completed_successful
<LI><a href="#[4bc]">&gt;&gt;</a>&nbsp;&nbsp;&nbsp;smp_pp3_pairing_failed_send
</UL>

<P><STRONG><a name="[4a4]"></a>smp_connection_complete_handler</STRONG> (Thumb, 240 bytes, Stack size unknown bytes, smp_sap_hci_cmn.o(.text.smp_connection_complete_handler))
<BR><BR>[Stack]<UL><LI>Max Depth = 16 + Unknown Stack Size
<LI>Call Chain = smp_connection_complete_handler &rArr; BLEPLAT_MemSet &rArr; __aeabi_memset
</UL>
<BR>[Calls]<UL><LI><a href="#[35]">&gt;&gt;</a>&nbsp;&nbsp;&nbsp;BLEPLAT_MemSet
<LI><a href="#[1ac]">&gt;&gt;</a>&nbsp;&nbsp;&nbsp;tsk_notify_idx
<LI><a href="#[49e]">&gt;&gt;</a>&nbsp;&nbsp;&nbsp;smp_cmn_is_peer_rejectlisted
</UL>
<BR>[Called By]<UL><LI><a href="#[411]">&gt;&gt;</a>&nbsp;&nbsp;&nbsp;smp_sap_hci_le_enhanced_connection_complete_evt_hndl
<LI><a href="#[40d]">&gt;&gt;</a>&nbsp;&nbsp;&nbsp;smp_sap_hci_le_connection_complete_evt_hndl
</UL>

<P><STRONG><a name="[490]"></a>nvm_convert_bleplat_to_blestack_status</STRONG> (Thumb, 24 bytes, Stack size unknown bytes, stacklib_nvm.o(.text.nvm_convert_bleplat_to_blestack_status))
<BR><BR>[Called By]<UL><LI><a href="#[491]">&gt;&gt;</a>&nbsp;&nbsp;&nbsp;nvm_gatt_db_read_next_record
<LI><a href="#[3cc]">&gt;&gt;</a>&nbsp;&nbsp;&nbsp;nvm_gatt_db_read_full_current_record
<LI><a href="#[3ce]">&gt;&gt;</a>&nbsp;&nbsp;&nbsp;nvm_gatt_db_update_record
<LI><a href="#[494]">&gt;&gt;</a>&nbsp;&nbsp;&nbsp;nvm_sec_db_read_next_record
<LI><a href="#[492]">&gt;&gt;</a>&nbsp;&nbsp;&nbsp;nvm_sec_db_add_record
</UL>

<P><STRONG><a name="[509]"></a>lsbit</STRONG> (Thumb, 32 bytes, Stack size unknown bytes, stacklib_tasks.o(.text.lsbit))
<BR><BR>[Called By]<UL><LI><a href="#[1af]">&gt;&gt;</a>&nbsp;&nbsp;&nbsp;tsk_scheduler
</UL>

<P><STRONG><a name="[1b3]"></a>Timer_TryStartFirstActive</STRONG> (Thumb, 40 bytes, Stack size unknown bytes, stacklib_timers.o(.text.Timer_TryStartFirstActive))
<BR><BR>[Stack]<UL><LI>Max Depth = 120 + Unknown Stack Size
<LI>Call Chain = Timer_TryStartFirstActive &rArr; Timer_StartFirstActive_sysT &rArr; BLEPLAT_StartTimer &rArr; HAL_RADIO_TIMER_StartVirtualTimerSysTime &rArr; _virtualTimeBaseEnable &rArr; HAL_RADIO_TIMER_StopVirtualTimer &rArr; _update_user_timeout &rArr; HAL_RADIO_TIMER_GetCurrentSysTime &rArr; _get_system_time_and_machine
</UL>
<BR>[Calls]<UL><LI><a href="#[182]">&gt;&gt;</a>&nbsp;&nbsp;&nbsp;BLEPLAT_StopTimer
<LI><a href="#[1b2]">&gt;&gt;</a>&nbsp;&nbsp;&nbsp;Timer_StartFirstActive_sysT
</UL>
<BR>[Called By]<UL><LI><a href="#[21c]">&gt;&gt;</a>&nbsp;&nbsp;&nbsp;cst_sharedCallback
<LI><a href="#[1b1]">&gt;&gt;</a>&nbsp;&nbsp;&nbsp;CST_stop
</UL>

<P><STRONG><a name="[1b2]"></a>Timer_StartFirstActive_sysT</STRONG> (Thumb, 78 bytes, Stack size unknown bytes, stacklib_timers.o(.text.Timer_StartFirstActive_sysT))
<BR><BR>[Stack]<UL><LI>Max Depth = 120 + Unknown Stack Size
<LI>Call Chain = Timer_StartFirstActive_sysT &rArr; BLEPLAT_StartTimer &rArr; HAL_RADIO_TIMER_StartVirtualTimerSysTime &rArr; _virtualTimeBaseEnable &rArr; HAL_RADIO_TIMER_StopVirtualTimer &rArr; _update_user_timeout &rArr; HAL_RADIO_TIMER_GetCurrentSysTime &rArr; _get_system_time_and_machine
</UL>
<BR>[Calls]<UL><LI><a href="#[182]">&gt;&gt;</a>&nbsp;&nbsp;&nbsp;BLEPLAT_StopTimer
<LI><a href="#[180]">&gt;&gt;</a>&nbsp;&nbsp;&nbsp;BLEPLAT_StartTimer
<LI><a href="#[12e]">&gt;&gt;</a>&nbsp;&nbsp;&nbsp;BLEPLAT_GetCurrentSysTime
<LI><a href="#[3d4]">&gt;&gt;</a>&nbsp;&nbsp;&nbsp;__aeabi_llsl
</UL>
<BR>[Called By]<UL><LI><a href="#[1b0]">&gt;&gt;</a>&nbsp;&nbsp;&nbsp;CST_start
<LI><a href="#[1b3]">&gt;&gt;</a>&nbsp;&nbsp;&nbsp;Timer_TryStartFirstActive
</UL>

<P><STRONG><a name="[259]"></a>GAT_clt_get_proc_per_channel</STRONG> (Thumb, 32 bytes, Stack size unknown bytes, gat_clt.o(.text.GAT_clt_get_proc_per_channel))
<BR><BR>[Called By]<UL><LI><a href="#[20a]">&gt;&gt;</a>&nbsp;&nbsp;&nbsp;GAT_clt_rcv_corrupted
</UL>

<P><STRONG><a name="[211]"></a>GAT_att_cmn_get_opcode</STRONG> (Thumb, 10 bytes, Stack size unknown bytes, gat_clt.o(.text.GAT_att_cmn_get_opcode))
<BR><BR>[Calls]<UL><LI><a href="#[10b]">&gt;&gt;</a>&nbsp;&nbsp;&nbsp;ACL_pkt_read_8b
</UL>
<BR>[Called By]<UL><LI><a href="#[207]">&gt;&gt;</a>&nbsp;&nbsp;&nbsp;GAT_clt_rcv_srv_initiated
</UL>

<P><STRONG><a name="[10b]"></a>ACL_pkt_read_8b</STRONG> (Thumb, 32 bytes, Stack size unknown bytes, gat_clt.o(.text.ACL_pkt_read_8b))
<BR><BR>[Calls]<UL><LI><a href="#[109]">&gt;&gt;</a>&nbsp;&nbsp;&nbsp;Mem_Buff_get_buff_off
</UL>
<BR>[Called By]<UL><LI><a href="#[211]">&gt;&gt;</a>&nbsp;&nbsp;&nbsp;GAT_att_cmn_get_opcode
</UL>

<P><STRONG><a name="[0]"></a>GAT_clt_exec_empty</STRONG> (Thumb, 2 bytes, Stack size unknown bytes, gat_clt.o(.text.GAT_clt_exec_empty))
<BR>[Address Reference Count : 1]<UL><LI> gat_clt.o(.data.exec_fn_p)
</UL>
<P><STRONG><a name="[c6]"></a>_dadd1</STRONG> (Thumb, 290 bytes, Stack size 20 bytes, daddsub.o(.text), UNUSED)
<BR><BR>[Called By]<UL><LI><a href="#[c8]">&gt;&gt;</a>&nbsp;&nbsp;&nbsp;_drsb
<LI><a href="#[c7]">&gt;&gt;</a>&nbsp;&nbsp;&nbsp;_dsub
<LI><a href="#[c4]">&gt;&gt;</a>&nbsp;&nbsp;&nbsp;_dadd
</UL>

<P><STRONG><a name="[c5]"></a>_dsub1</STRONG> (Thumb, 470 bytes, Stack size 40 bytes, daddsub.o(.text), UNUSED)
<BR><BR>[Called By]<UL><LI><a href="#[c8]">&gt;&gt;</a>&nbsp;&nbsp;&nbsp;_drsb
<LI><a href="#[c7]">&gt;&gt;</a>&nbsp;&nbsp;&nbsp;_dsub
<LI><a href="#[c4]">&gt;&gt;</a>&nbsp;&nbsp;&nbsp;_dadd
</UL>

<P><STRONG><a name="[20]"></a>_printf_input_char</STRONG> (Thumb, 10 bytes, Stack size 0 bytes, _printf_char_common.o(.text))
<BR>[Address Reference Count : 1]<UL><LI> _printf_char_common.o(.text)
</UL><P>
<H3>
Undefined Global Symbols
</H3>
<P><STRONG><a name="[ec]"></a>_call_atexit_fns</STRONG> (ARM, 0 bytes, Stack size 0 bytes, UNDEFINED)
<BR><BR>[Called By]<UL><LI><a href="#[aa]">&gt;&gt;</a>&nbsp;&nbsp;&nbsp;exit
</UL>
<HR></body></html>
